# Path: release/test_mampicl
# Arch: x86_64
# Object files:
[  0] linker synthesized
[  1] release/src/cunit_main.mpi.o
[  2] release/src/cunit_mode.mpi.o
[  3] release/src/test_mampicl.mpi.o
[  4] release/src/suite_a2a.mpi.o
[  5] ../commprim/release/libcommprim.a(commcontext.mpi.o)
[  6] ../commprim/release/libcommprim.a(cshift.mpi.o)
[  7] ../commprim/release/libcommprim.a(cread.mpi.o)
[  8] ../commprim/release/libcommprim.a(cwrite.mpi.o)
[  9] ../crystal/release/libcrystal.a(crbuffer.o)
[ 10] ../crystal/release/libcrystal.a(cr_gather.mpi.o)
[ 11] ../crystal/release/libcrystal.a(cr_general.mpi.o)
[ 12] ../crystal/release/libcrystal.a(cr_message.o)
[ 13] ../crystal/release/libcrystal.a(crystal_router.mpi.o)
[ 14] /Users/michs/devel/usr/local/gcc/4.7/lib/libcunit.dylib
[ 15] /Users/michs/devel/usr/local/mpich2/1.5/gcc/4.7/lib/libpmpich.a(lib_libpmpich_la-alltoall.o)
[ 16] /Users/michs/devel/usr/local/mpich2/1.5/gcc/4.7/lib/libpmpich.a(lib_libpmpich_la-alltoallv.o)
[ 17] /Users/michs/devel/usr/local/mpich2/1.5/gcc/4.7/lib/libpmpich.a(lib_libpmpich_la-gather.o)
[ 18] /Users/michs/devel/usr/local/mpich2/1.5/gcc/4.7/lib/libpmpich.a(lib_libpmpich_la-comm_free.o)
[ 19] /Users/michs/devel/usr/local/mpich2/1.5/gcc/4.7/lib/libpmpich.a(lib_libpmpich_la-comm_rank.o)
[ 20] /Users/michs/devel/usr/local/mpich2/1.5/gcc/4.7/lib/libpmpich.a(lib_libpmpich_la-comm_size.o)
[ 21] /Users/michs/devel/usr/local/mpich2/1.5/gcc/4.7/lib/libpmpich.a(lib_libpmpich_la-get_count.o)
[ 22] /Users/michs/devel/usr/local/mpich2/1.5/gcc/4.7/lib/libpmpich.a(lib_libpmpich_la-init.o)
[ 23] /Users/michs/devel/usr/local/mpich2/1.5/gcc/4.7/lib/libpmpich.a(lib_libpmpich_la-finalize.o)
[ 24] /Users/michs/devel/usr/local/mpich2/1.5/gcc/4.7/lib/libpmpich.a(lib_libpmpich_la-irecv.o)
[ 25] /Users/michs/devel/usr/local/mpich2/1.5/gcc/4.7/lib/libpmpich.a(lib_libpmpich_la-isend.o)
[ 26] /Users/michs/devel/usr/local/mpich2/1.5/gcc/4.7/lib/libpmpich.a(lib_libpmpich_la-recv.o)
[ 27] /Users/michs/devel/usr/local/mpich2/1.5/gcc/4.7/lib/libpmpich.a(lib_libpmpich_la-send.o)
[ 28] /Users/michs/devel/usr/local/mpich2/1.5/gcc/4.7/lib/libpmpich.a(lib_libpmpich_la-waitall.o)
[ 29] /Users/michs/devel/usr/local/mpich2/1.5/gcc/4.7/lib/libmpich.a(attrutil.o)
[ 30] /Users/michs/devel/usr/local/mpich2/1.5/gcc/4.7/lib/libmpich.a(allred_group.o)
[ 31] /Users/michs/devel/usr/local/mpich2/1.5/gcc/4.7/lib/libmpich.a(helper_fns.o)
[ 32] /Users/michs/devel/usr/local/mpich2/1.5/gcc/4.7/lib/libmpich.a(opsum.o)
[ 33] /Users/michs/devel/usr/local/mpich2/1.5/gcc/4.7/lib/libmpich.a(opmax.o)
[ 34] /Users/michs/devel/usr/local/mpich2/1.5/gcc/4.7/lib/libmpich.a(opmin.o)
[ 35] /Users/michs/devel/usr/local/mpich2/1.5/gcc/4.7/lib/libmpich.a(opband.o)
[ 36] /Users/michs/devel/usr/local/mpich2/1.5/gcc/4.7/lib/libmpich.a(opbor.o)
[ 37] /Users/michs/devel/usr/local/mpich2/1.5/gcc/4.7/lib/libmpich.a(opbxor.o)
[ 38] /Users/michs/devel/usr/local/mpich2/1.5/gcc/4.7/lib/libmpich.a(opland.o)
[ 39] /Users/michs/devel/usr/local/mpich2/1.5/gcc/4.7/lib/libmpich.a(oplor.o)
[ 40] /Users/michs/devel/usr/local/mpich2/1.5/gcc/4.7/lib/libmpich.a(oplxor.o)
[ 41] /Users/michs/devel/usr/local/mpich2/1.5/gcc/4.7/lib/libmpich.a(opprod.o)
[ 42] /Users/michs/devel/usr/local/mpich2/1.5/gcc/4.7/lib/libmpich.a(opminloc.o)
[ 43] /Users/michs/devel/usr/local/mpich2/1.5/gcc/4.7/lib/libmpich.a(opmaxloc.o)
[ 44] /Users/michs/devel/usr/local/mpich2/1.5/gcc/4.7/lib/libmpich.a(opno_op.o)
[ 45] /Users/michs/devel/usr/local/mpich2/1.5/gcc/4.7/lib/libmpich.a(opreplace.o)
[ 46] /Users/michs/devel/usr/local/mpich2/1.5/gcc/4.7/lib/libmpich.a(nbcutil.o)
[ 47] /Users/michs/devel/usr/local/mpich2/1.5/gcc/4.7/lib/libmpich.a(commutil.o)
[ 48] /Users/michs/devel/usr/local/mpich2/1.5/gcc/4.7/lib/libmpich.a(typeutil.o)
[ 49] /Users/michs/devel/usr/local/mpich2/1.5/gcc/4.7/lib/libmpich.a(errutil.o)
[ 50] /Users/michs/devel/usr/local/mpich2/1.5/gcc/4.7/lib/libmpich.a(grouputil.o)
[ 51] /Users/michs/devel/usr/local/mpich2/1.5/gcc/4.7/lib/libmpich.a(async.o)
[ 52] /Users/michs/devel/usr/local/mpich2/1.5/gcc/4.7/lib/libmpich.a(mpir_request.o)
[ 53] /Users/michs/devel/usr/local/mpich2/1.5/gcc/4.7/lib/libmpich.a(winutil.o)
[ 54] /Users/michs/devel/usr/local/mpich2/1.5/gcc/4.7/lib/libmpich.a(rmatypeutil.o)
[ 55] /Users/michs/devel/usr/local/mpich2/1.5/gcc/4.7/lib/libmpich.a(mpidtime.o)
[ 56] /Users/michs/devel/usr/local/mpich2/1.5/gcc/4.7/lib/libmpich.a(topoutil.o)
[ 57] /Users/michs/devel/usr/local/mpich2/1.5/gcc/4.7/lib/libmpich.a(dbg_printf.o)
[ 58] /Users/michs/devel/usr/local/mpich2/1.5/gcc/4.7/lib/libmpich.a(exit.o)
[ 59] /Users/michs/devel/usr/local/mpich2/1.5/gcc/4.7/lib/libmpich.a(infoutil.o)
[ 60] /Users/michs/devel/usr/local/mpich2/1.5/gcc/4.7/lib/libmpich.a(instr.o)
[ 61] /Users/michs/devel/usr/local/mpich2/1.5/gcc/4.7/lib/libmpich.a(trmem.o)
[ 62] /Users/michs/devel/usr/local/mpich2/1.5/gcc/4.7/lib/libmpich.a(handlemem.o)
[ 63] /Users/michs/devel/usr/local/mpich2/1.5/gcc/4.7/lib/libmpich.a(safestr.o)
[ 64] /Users/michs/devel/usr/local/mpich2/1.5/gcc/4.7/lib/libmpich.a(argstr.o)
[ 65] /Users/michs/devel/usr/local/mpich2/1.5/gcc/4.7/lib/libmpich.a(strerror.o)
[ 66] /Users/michs/devel/usr/local/mpich2/1.5/gcc/4.7/lib/libmpich.a(msgprint.o)
[ 67] /Users/michs/devel/usr/local/mpich2/1.5/gcc/4.7/lib/libmpich.a(assert.o)
[ 68] /Users/michs/devel/usr/local/mpich2/1.5/gcc/4.7/lib/libmpich.a(param_vals.o)
[ 69] /Users/michs/devel/usr/local/mpich2/1.5/gcc/4.7/lib/libmpich.a(local_proc.o)
[ 70] /Users/michs/devel/usr/local/mpich2/1.5/gcc/4.7/lib/libmpich.a(mpiu_thread.o)
[ 71] /Users/michs/devel/usr/local/mpich2/1.5/gcc/4.7/lib/libmpich.a(statusf2c.o)
[ 72] /Users/michs/devel/usr/local/mpich2/1.5/gcc/4.7/lib/libmpich.a(ch3u_buffer.o)
[ 73] /Users/michs/devel/usr/local/mpich2/1.5/gcc/4.7/lib/libmpich.a(ch3u_comm.o)
[ 74] /Users/michs/devel/usr/local/mpich2/1.5/gcc/4.7/lib/libmpich.a(ch3u_comm_spawn_multiple.o)
[ 75] /Users/michs/devel/usr/local/mpich2/1.5/gcc/4.7/lib/libmpich.a(ch3u_handle_connection.o)
[ 76] /Users/michs/devel/usr/local/mpich2/1.5/gcc/4.7/lib/libmpich.a(ch3u_handle_recv_pkt.o)
[ 77] /Users/michs/devel/usr/local/mpich2/1.5/gcc/4.7/lib/libmpich.a(ch3u_handle_recv_req.o)
[ 78] /Users/michs/devel/usr/local/mpich2/1.5/gcc/4.7/lib/libmpich.a(ch3u_handle_send_req.o)
[ 79] /Users/michs/devel/usr/local/mpich2/1.5/gcc/4.7/lib/libmpich.a(ch3u_port.o)
[ 80] /Users/michs/devel/usr/local/mpich2/1.5/gcc/4.7/lib/libmpich.a(ch3u_recvq.o)
[ 81] /Users/michs/devel/usr/local/mpich2/1.5/gcc/4.7/lib/libmpich.a(ch3u_request.o)
[ 82] /Users/michs/devel/usr/local/mpich2/1.5/gcc/4.7/lib/libmpich.a(ch3u_rma_notimpl.o)
[ 83] /Users/michs/devel/usr/local/mpich2/1.5/gcc/4.7/lib/libmpich.a(ch3u_rma_acc_ops.o)
[ 84] /Users/michs/devel/usr/local/mpich2/1.5/gcc/4.7/lib/libmpich.a(ch3u_rma_ops.o)
[ 85] /Users/michs/devel/usr/local/mpich2/1.5/gcc/4.7/lib/libmpich.a(ch3u_rma_sync.o)
[ 86] /Users/michs/devel/usr/local/mpich2/1.5/gcc/4.7/lib/libmpich.a(ch3u_rndv.o)
[ 87] /Users/michs/devel/usr/local/mpich2/1.5/gcc/4.7/lib/libmpich.a(ch3u_eager.o)
[ 88] /Users/michs/devel/usr/local/mpich2/1.5/gcc/4.7/lib/libmpich.a(ch3u_eagersync.o)
[ 89] /Users/michs/devel/usr/local/mpich2/1.5/gcc/4.7/lib/libmpich.a(ch3u_win_fns.o)
[ 90] /Users/michs/devel/usr/local/mpich2/1.5/gcc/4.7/lib/libmpich.a(mpid_abort.o)
[ 91] /Users/michs/devel/usr/local/mpich2/1.5/gcc/4.7/lib/libmpich.a(mpid_cancel_send.o)
[ 92] /Users/michs/devel/usr/local/mpich2/1.5/gcc/4.7/lib/libmpich.a(mpid_finalize.o)
[ 93] /Users/michs/devel/usr/local/mpich2/1.5/gcc/4.7/lib/libmpich.a(mpid_get_universe_size.o)
[ 94] /Users/michs/devel/usr/local/mpich2/1.5/gcc/4.7/lib/libmpich.a(mpid_getpname.o)
[ 95] /Users/michs/devel/usr/local/mpich2/1.5/gcc/4.7/lib/libmpich.a(mpid_init.o)
[ 96] /Users/michs/devel/usr/local/mpich2/1.5/gcc/4.7/lib/libmpich.a(mpid_irecv.o)
[ 97] /Users/michs/devel/usr/local/mpich2/1.5/gcc/4.7/lib/libmpich.a(mpid_isend.o)
[ 98] /Users/michs/devel/usr/local/mpich2/1.5/gcc/4.7/lib/libmpich.a(mpid_issend.o)
[ 99] /Users/michs/devel/usr/local/mpich2/1.5/gcc/4.7/lib/libmpich.a(mpid_port.o)
[100] /Users/michs/devel/usr/local/mpich2/1.5/gcc/4.7/lib/libmpich.a(mpid_probe.o)
[101] /Users/michs/devel/usr/local/mpich2/1.5/gcc/4.7/lib/libmpich.a(mpid_recv.o)
[102] /Users/michs/devel/usr/local/mpich2/1.5/gcc/4.7/lib/libmpich.a(mpid_send.o)
[103] /Users/michs/devel/usr/local/mpich2/1.5/gcc/4.7/lib/libmpich.a(mpid_ssend.o)
[104] /Users/michs/devel/usr/local/mpich2/1.5/gcc/4.7/lib/libmpich.a(mpid_vc.o)
[105] /Users/michs/devel/usr/local/mpich2/1.5/gcc/4.7/lib/libmpich.a(mpid_rma.o)
[106] /Users/michs/devel/usr/local/mpich2/1.5/gcc/4.7/lib/libmpich.a(mpidi_isend_self.o)
[107] /Users/michs/devel/usr/local/mpich2/1.5/gcc/4.7/lib/libmpich.a(mpidi_pg.o)
[108] /Users/michs/devel/usr/local/mpich2/1.5/gcc/4.7/lib/libmpich.a(mpidi_printf.o)
[109] /Users/michs/devel/usr/local/mpich2/1.5/gcc/4.7/lib/libmpich.a(ch3_finalize.o)
[110] /Users/michs/devel/usr/local/mpich2/1.5/gcc/4.7/lib/libmpich.a(ch3_init.o)
[111] /Users/michs/devel/usr/local/mpich2/1.5/gcc/4.7/lib/libmpich.a(ch3_isend.o)
[112] /Users/michs/devel/usr/local/mpich2/1.5/gcc/4.7/lib/libmpich.a(ch3_isendv.o)
[113] /Users/michs/devel/usr/local/mpich2/1.5/gcc/4.7/lib/libmpich.a(ch3_istartmsg.o)
[114] /Users/michs/devel/usr/local/mpich2/1.5/gcc/4.7/lib/libmpich.a(ch3_istartmsgv.o)
[115] /Users/michs/devel/usr/local/mpich2/1.5/gcc/4.7/lib/libmpich.a(ch3_progress.o)
[116] /Users/michs/devel/usr/local/mpich2/1.5/gcc/4.7/lib/libmpich.a(ch3_rma_shm.o)
[117] /Users/michs/devel/usr/local/mpich2/1.5/gcc/4.7/lib/libmpich.a(ch3_win_fns.o)
[118] /Users/michs/devel/usr/local/mpich2/1.5/gcc/4.7/lib/libmpich.a(ch3i_comm.o)
[119] /Users/michs/devel/usr/local/mpich2/1.5/gcc/4.7/lib/libmpich.a(ch3i_eagernoncontig.o)
[120] /Users/michs/devel/usr/local/mpich2/1.5/gcc/4.7/lib/libmpich.a(mpid_nem_alloc.o)
[121] /Users/michs/devel/usr/local/mpich2/1.5/gcc/4.7/lib/libmpich.a(mpid_nem_init.o)
[122] /Users/michs/devel/usr/local/mpich2/1.5/gcc/4.7/lib/libmpich.a(mpid_nem_barrier.o)
[123] /Users/michs/devel/usr/local/mpich2/1.5/gcc/4.7/lib/libmpich.a(mpid_nem_mpich2.o)
[124] /Users/michs/devel/usr/local/mpich2/1.5/gcc/4.7/lib/libmpich.a(mpid_nem_finalize.o)
[125] /Users/michs/devel/usr/local/mpich2/1.5/gcc/4.7/lib/libmpich.a(mpid_nem_network_poll.o)
[126] /Users/michs/devel/usr/local/mpich2/1.5/gcc/4.7/lib/libmpich.a(mpid_nem_network.o)
[127] /Users/michs/devel/usr/local/mpich2/1.5/gcc/4.7/lib/libmpich.a(mpid_nem_debug.o)
[128] /Users/michs/devel/usr/local/mpich2/1.5/gcc/4.7/lib/libmpich.a(mpid_nem_lmt.o)
[129] /Users/michs/devel/usr/local/mpich2/1.5/gcc/4.7/lib/libmpich.a(mpid_nem_lmt_shm.o)
[130] /Users/michs/devel/usr/local/mpich2/1.5/gcc/4.7/lib/libmpich.a(mpid_nem_net_array.o)
[131] /Users/michs/devel/usr/local/mpich2/1.5/gcc/4.7/lib/libmpich.a(tcp_finalize.o)
[132] /Users/michs/devel/usr/local/mpich2/1.5/gcc/4.7/lib/libmpich.a(tcp_init.o)
[133] /Users/michs/devel/usr/local/mpich2/1.5/gcc/4.7/lib/libmpich.a(tcp_send.o)
[134] /Users/michs/devel/usr/local/mpich2/1.5/gcc/4.7/lib/libmpich.a(tcp_utility.o)
[135] /Users/michs/devel/usr/local/mpich2/1.5/gcc/4.7/lib/libmpich.a(socksm.o)
[136] /Users/michs/devel/usr/local/mpich2/1.5/gcc/4.7/lib/libmpich.a(tcp_getip.o)
[137] /Users/michs/devel/usr/local/mpich2/1.5/gcc/4.7/lib/libmpich.a(darray_support.o)
[138] /Users/michs/devel/usr/local/mpich2/1.5/gcc/4.7/lib/libmpich.a(dataloop.o)
[139] /Users/michs/devel/usr/local/mpich2/1.5/gcc/4.7/lib/libmpich.a(dataloop_create.o)
[140] /Users/michs/devel/usr/local/mpich2/1.5/gcc/4.7/lib/libmpich.a(dataloop_create_blockindexed.o)
[141] /Users/michs/devel/usr/local/mpich2/1.5/gcc/4.7/lib/libmpich.a(dataloop_create_contig.o)
[142] /Users/michs/devel/usr/local/mpich2/1.5/gcc/4.7/lib/libmpich.a(dataloop_create_indexed.o)
[143] /Users/michs/devel/usr/local/mpich2/1.5/gcc/4.7/lib/libmpich.a(dataloop_create_pairtype.o)
[144] /Users/michs/devel/usr/local/mpich2/1.5/gcc/4.7/lib/libmpich.a(dataloop_create_struct.o)
[145] /Users/michs/devel/usr/local/mpich2/1.5/gcc/4.7/lib/libmpich.a(dataloop_create_vector.o)
[146] /Users/michs/devel/usr/local/mpich2/1.5/gcc/4.7/lib/libmpich.a(segment.o)
[147] /Users/michs/devel/usr/local/mpich2/1.5/gcc/4.7/lib/libmpich.a(segment_count.o)
[148] /Users/michs/devel/usr/local/mpich2/1.5/gcc/4.7/lib/libmpich.a(segment_flatten.o)
[149] /Users/michs/devel/usr/local/mpich2/1.5/gcc/4.7/lib/libmpich.a(segment_packunpack.o)
[150] /Users/michs/devel/usr/local/mpich2/1.5/gcc/4.7/lib/libmpich.a(subarray_support.o)
[151] /Users/michs/devel/usr/local/mpich2/1.5/gcc/4.7/lib/libmpich.a(mpid_contents_support.o)
[152] /Users/michs/devel/usr/local/mpich2/1.5/gcc/4.7/lib/libmpich.a(mpid_datatype_contents.o)
[153] /Users/michs/devel/usr/local/mpich2/1.5/gcc/4.7/lib/libmpich.a(mpid_datatype_free.o)
[154] /Users/michs/devel/usr/local/mpich2/1.5/gcc/4.7/lib/libmpich.a(mpid_segment.o)
[155] /Users/michs/devel/usr/local/mpich2/1.5/gcc/4.7/lib/libmpich.a(mpid_type_blockindexed.o)
[156] /Users/michs/devel/usr/local/mpich2/1.5/gcc/4.7/lib/libmpich.a(mpid_type_commit.o)
[157] /Users/michs/devel/usr/local/mpich2/1.5/gcc/4.7/lib/libmpich.a(mpid_type_contiguous.o)
[158] /Users/michs/devel/usr/local/mpich2/1.5/gcc/4.7/lib/libmpich.a(mpid_type_create_pairtype.o)
[159] /Users/michs/devel/usr/local/mpich2/1.5/gcc/4.7/lib/libmpich.a(mpid_type_debug.o)
[160] /Users/michs/devel/usr/local/mpich2/1.5/gcc/4.7/lib/libmpich.a(mpid_type_get_envelope.o)
[161] /Users/michs/devel/usr/local/mpich2/1.5/gcc/4.7/lib/libmpich.a(mpid_type_indexed.o)
[162] /Users/michs/devel/usr/local/mpich2/1.5/gcc/4.7/lib/libmpich.a(mpid_type_struct.o)
[163] /Users/michs/devel/usr/local/mpich2/1.5/gcc/4.7/lib/libmpich.a(mpid_type_vector.o)
[164] /Users/michs/devel/usr/local/mpich2/1.5/gcc/4.7/lib/libmpich.a(mpid_type_zerolen.o)
[165] /Users/michs/devel/usr/local/mpich2/1.5/gcc/4.7/lib/libmpich.a(mpid_sched.o)
[166] /Users/michs/devel/usr/local/mpich2/1.5/gcc/4.7/lib/libmpich.a(mpi_t_util.o)
[167] /Users/michs/devel/usr/local/mpich2/1.5/gcc/4.7/lib/libmpich.a(simple_pmiutil.o)
[168] /Users/michs/devel/usr/local/mpich2/1.5/gcc/4.7/lib/libmpich.a(simple_pmi.o)
[169] /Users/michs/devel/usr/local/mpich2/1.5/gcc/4.7/lib/libmpich.a(comm_create_keyval.o)
[170] /Users/michs/devel/usr/local/mpich2/1.5/gcc/4.7/lib/libmpich.a(comm_free_keyval.o)
[171] /Users/michs/devel/usr/local/mpich2/1.5/gcc/4.7/lib/libmpich.a(comm_get_attr.o)
[172] /Users/michs/devel/usr/local/mpich2/1.5/gcc/4.7/lib/libmpich.a(comm_set_attr.o)
[173] /Users/michs/devel/usr/local/mpich2/1.5/gcc/4.7/lib/libmpich.a(allreduce.o)
[174] /Users/michs/devel/usr/local/mpich2/1.5/gcc/4.7/lib/libmpich.a(barrier.o)
[175] /Users/michs/devel/usr/local/mpich2/1.5/gcc/4.7/lib/libmpich.a(op_create.o)
[176] /Users/michs/devel/usr/local/mpich2/1.5/gcc/4.7/lib/libmpich.a(bcast.o)
[177] /Users/michs/devel/usr/local/mpich2/1.5/gcc/4.7/lib/libmpich.a(alltoall.o)
[178] /Users/michs/devel/usr/local/mpich2/1.5/gcc/4.7/lib/libmpich.a(alltoallv.o)
[179] /Users/michs/devel/usr/local/mpich2/1.5/gcc/4.7/lib/libmpich.a(reduce.o)
[180] /Users/michs/devel/usr/local/mpich2/1.5/gcc/4.7/lib/libmpich.a(scatter.o)
[181] /Users/michs/devel/usr/local/mpich2/1.5/gcc/4.7/lib/libmpich.a(gather.o)
[182] /Users/michs/devel/usr/local/mpich2/1.5/gcc/4.7/lib/libmpich.a(allgather.o)
[183] /Users/michs/devel/usr/local/mpich2/1.5/gcc/4.7/lib/libmpich.a(reduce_local.o)
[184] /Users/michs/devel/usr/local/mpich2/1.5/gcc/4.7/lib/libmpich.a(red_scat_block.o)
[185] /Users/michs/devel/usr/local/mpich2/1.5/gcc/4.7/lib/libmpich.a(iallgather.o)
[186] /Users/michs/devel/usr/local/mpich2/1.5/gcc/4.7/lib/libmpich.a(iallgatherv.o)
[187] /Users/michs/devel/usr/local/mpich2/1.5/gcc/4.7/lib/libmpich.a(iallreduce.o)
[188] /Users/michs/devel/usr/local/mpich2/1.5/gcc/4.7/lib/libmpich.a(ialltoall.o)
[189] /Users/michs/devel/usr/local/mpich2/1.5/gcc/4.7/lib/libmpich.a(ialltoallv.o)
[190] /Users/michs/devel/usr/local/mpich2/1.5/gcc/4.7/lib/libmpich.a(ialltoallw.o)
[191] /Users/michs/devel/usr/local/mpich2/1.5/gcc/4.7/lib/libmpich.a(ibarrier.o)
[192] /Users/michs/devel/usr/local/mpich2/1.5/gcc/4.7/lib/libmpich.a(ibcast.o)
[193] /Users/michs/devel/usr/local/mpich2/1.5/gcc/4.7/lib/libmpich.a(iexscan.o)
[194] /Users/michs/devel/usr/local/mpich2/1.5/gcc/4.7/lib/libmpich.a(igather.o)
[195] /Users/michs/devel/usr/local/mpich2/1.5/gcc/4.7/lib/libmpich.a(igatherv.o)
[196] /Users/michs/devel/usr/local/mpich2/1.5/gcc/4.7/lib/libmpich.a(ired_scat.o)
[197] /Users/michs/devel/usr/local/mpich2/1.5/gcc/4.7/lib/libmpich.a(ired_scat_block.o)
[198] /Users/michs/devel/usr/local/mpich2/1.5/gcc/4.7/lib/libmpich.a(ireduce.o)
[199] /Users/michs/devel/usr/local/mpich2/1.5/gcc/4.7/lib/libmpich.a(iscan.o)
[200] /Users/michs/devel/usr/local/mpich2/1.5/gcc/4.7/lib/libmpich.a(iscatter.o)
[201] /Users/michs/devel/usr/local/mpich2/1.5/gcc/4.7/lib/libmpich.a(iscatterv.o)
[202] /Users/michs/devel/usr/local/mpich2/1.5/gcc/4.7/lib/libmpich.a(comm_dup.o)
[203] /Users/michs/devel/usr/local/mpich2/1.5/gcc/4.7/lib/libmpich.a(comm_free.o)
[204] /Users/michs/devel/usr/local/mpich2/1.5/gcc/4.7/lib/libmpich.a(comm_group.o)
[205] /Users/michs/devel/usr/local/mpich2/1.5/gcc/4.7/lib/libmpich.a(comm_split.o)
[206] /Users/michs/devel/usr/local/mpich2/1.5/gcc/4.7/lib/libmpich.a(get_count.o)
[207] /Users/michs/devel/usr/local/mpich2/1.5/gcc/4.7/lib/libmpich.a(pack.o)
[208] /Users/michs/devel/usr/local/mpich2/1.5/gcc/4.7/lib/libmpich.a(unpack.o)
[209] /Users/michs/devel/usr/local/mpich2/1.5/gcc/4.7/lib/libmpich.a(pack_size.o)
[210] /Users/michs/devel/usr/local/mpich2/1.5/gcc/4.7/lib/libmpich.a(type_vector.o)
[211] /Users/michs/devel/usr/local/mpich2/1.5/gcc/4.7/lib/libmpich.a(type_commit.o)
[212] /Users/michs/devel/usr/local/mpich2/1.5/gcc/4.7/lib/libmpich.a(type_indexed.o)
[213] /Users/michs/devel/usr/local/mpich2/1.5/gcc/4.7/lib/libmpich.a(type_struct.o)
[214] /Users/michs/devel/usr/local/mpich2/1.5/gcc/4.7/lib/libmpich.a(type_contiguous.o)
[215] /Users/michs/devel/usr/local/mpich2/1.5/gcc/4.7/lib/libmpich.a(type_free.o)
[216] /Users/michs/devel/usr/local/mpich2/1.5/gcc/4.7/lib/libmpich.a(type_hvector.o)
[217] /Users/michs/devel/usr/local/mpich2/1.5/gcc/4.7/lib/libmpich.a(type_get_envelope.o)
[218] /Users/michs/devel/usr/local/mpich2/1.5/gcc/4.7/lib/libmpich.a(type_get_extent.o)
[219] /Users/michs/devel/usr/local/mpich2/1.5/gcc/4.7/lib/libmpich.a(type_get_true_extent.o)
[220] /Users/michs/devel/usr/local/mpich2/1.5/gcc/4.7/lib/libmpich.a(type_create_struct.o)
[221] /Users/michs/devel/usr/local/mpich2/1.5/gcc/4.7/lib/libmpich.a(type_create_indexed_block.o)
[222] /Users/michs/devel/usr/local/mpich2/1.5/gcc/4.7/lib/libmpich.a(group_difference.o)
[223] /Users/michs/devel/usr/local/mpich2/1.5/gcc/4.7/lib/libmpich.a(group_free.o)
[224] /Users/michs/devel/usr/local/mpich2/1.5/gcc/4.7/lib/libmpich.a(group_incl.o)
[225] /Users/michs/devel/usr/local/mpich2/1.5/gcc/4.7/lib/libmpich.a(group_translate_ranks.o)
[226] /Users/michs/devel/usr/local/mpich2/1.5/gcc/4.7/lib/libmpich.a(init.o)
[227] /Users/michs/devel/usr/local/mpich2/1.5/gcc/4.7/lib/libmpich.a(initthread.o)
[228] /Users/michs/devel/usr/local/mpich2/1.5/gcc/4.7/lib/libmpich.a(finalize.o)
[229] /Users/michs/devel/usr/local/mpich2/1.5/gcc/4.7/lib/libmpich.a(wait.o)
[230] /Users/michs/devel/usr/local/mpich2/1.5/gcc/4.7/lib/libmpich.a(waitall.o)
[231] /Users/michs/devel/usr/local/mpich2/1.5/gcc/4.7/lib/libmpich.a(cart_rank.o)
[232] /Users/michs/devel/usr/local/mpich2/1.5/gcc/4.7/lib/libmpich.a(cart_shift.o)
[233] /Users/michs/devel/usr/local/mpich2/1.5/gcc/4.7/lib/libmpich.a(graph_nbr.o)
[234] /Users/michs/devel/usr/local/mpich2/1.5/gcc/4.7/lib/libmpich.a(graphnbrcnt.o)
[235] /Users/michs/devel/usr/local/mpich2/1.5/gcc/4.7/lib/libmpich.a(dist_gr_neighb_count.o)
[236] /Users/michs/devel/usr/local/mpich2/1.5/gcc/4.7/lib/libmpich.a(dist_gr_neighb.o)
[237] /Users/michs/devel/usr/local/mpich2/1.5/gcc/4.7/lib/libmpich.a(inhb_allgather.o)
[238] /Users/michs/devel/usr/local/mpich2/1.5/gcc/4.7/lib/libmpich.a(inhb_allgatherv.o)
[239] /Users/michs/devel/usr/local/mpich2/1.5/gcc/4.7/lib/libmpich.a(inhb_alltoall.o)
[240] /Users/michs/devel/usr/local/mpich2/1.5/gcc/4.7/lib/libmpich.a(inhb_alltoallv.o)
[241] /Users/michs/devel/usr/local/mpich2/1.5/gcc/4.7/lib/libmpich.a(inhb_alltoallw.o)
[242] /Users/michs/devel/usr/local/mpich2/1.5/gcc/4.7/lib/libmpich.a(nhb_allgather.o)
[243] /Users/michs/devel/usr/local/mpich2/1.5/gcc/4.7/lib/libmpich.a(nhb_allgatherv.o)
[244] /Users/michs/devel/usr/local/mpich2/1.5/gcc/4.7/lib/libmpich.a(nhb_alltoall.o)
[245] /Users/michs/devel/usr/local/mpich2/1.5/gcc/4.7/lib/libmpich.a(nhb_alltoallv.o)
[246] /Users/michs/devel/usr/local/mpich2/1.5/gcc/4.7/lib/libmpich.a(nhb_alltoallw.o)
[247] /Users/michs/devel/usr/local/mpich2/1.5/gcc/4.7/lib/libmpich.a(info_get.o)
[248] /Users/michs/devel/usr/local/mpich2/1.5/gcc/4.7/lib/libmpich.a(info_getn.o)
[249] /Users/michs/devel/usr/local/mpich2/1.5/gcc/4.7/lib/libmpich.a(info_getnth.o)
[250] /Users/michs/devel/usr/local/mpich2/1.5/gcc/4.7/lib/libmpich.a(info_getvallen.o)
[251] /Users/michs/devel/usr/local/mpich2/1.5/gcc/4.7/lib/libmpich.a(mpit_init_thread.o)
[252] /Users/michs/devel/usr/local/mpich2/1.5/gcc/4.7/lib/libmpich.a(setbot.o)
[253] /Users/michs/devel/usr/local/mpich2/1.5/gcc/4.7/lib/libmpich.a(setbotf.o)
[254] /Users/michs/devel/usr/local/mpich2/1.5/gcc/4.7/lib/libmpl.a(mplstr.o)
[255] /Users/michs/devel/usr/local/mpich2/1.5/gcc/4.7/lib/libmpl.a(mpltrmem.o)
[256] /Users/michs/devel/usr/local/mpich2/1.5/gcc/4.7/lib/libmpl.a(mplenv.o)
[257] /usr/lib/libSystem.dylib
[258] /opt/local/lib/gcc47/libgcc_ext.10.5.dylib
# Sections:
# Address	Size    	Segment	Section
0x100001940	0x0011B8B9	__TEXT	__text
0x10011D200	0x0000000C	__TEXT	__text_startup
0x10011D20C	0x000002EE	__TEXT	__stubs
0x10011D4FC	0x000004F2	__TEXT	__stub_helper
0x10011D9F0	0x00021647	__TEXT	__cstring
0x10013F040	0x0001CEF4	__TEXT	__const
0x10015BF38	0x0001D0B8	__TEXT	__eh_frame
0x100179000	0x00000068	__DATA	__got
0x100179068	0x00000010	__DATA	__nl_symbol_ptr
0x100179078	0x000003E8	__DATA	__la_symbol_ptr
0x100179460	0x00001910	__DATA	__data
0x10017AD80	0x0000B330	__DATA	__const
0x1001860B0	0x00000003	__DATA	__static_data
0x1001860B8	0x00000188	__DATA	__bss3
0x100186240	0x0000B358	__DATA	__pu_bss5
0x1001915A0	0x0001D980	__DATA	__bss5
0x1001AEF20	0x000000A4	__DATA	__common
0x1001AEFC4	0x00000050	__DATA	__pu_bss2
0x1001AF020	0x000000AC	__DATA	__bss4
0x1001AF0D0	0x00000100	__DATA	__pu_bss3
0x1001AF1D0	0x00000020	__DATA	__pu_bss4
0x1001AF1F0	0x000000D0	__DATA	__bss2
# Symbols:
# Address	Size    	File  Name
0x100001940	0x0000004D	[  1] _cunit_main
0x100001990	0x00000020	[  2] _basic_all_tests_complete_message_handler
0x1000019B0	0x00000570	[  2] _basic_test_complete_message_handler
0x100001F20	0x00000190	[  2] _basic_test_start_message_handler
0x1000020B0	0x00000150	[  2] _CU_mpi_run_tests
0x100002200	0x00000120	[  2] _CU_basic_run_suite
0x100002320	0x00000160	[  2] _CU_basic_run_test
0x100002480	0x00000010	[  2] _CU_mpi_set_mode
0x100002490	0x00000010	[  2] _CU_mpi_get_mode
0x1000024A0	0x00000075	[  2] _CU_basic_show_failures
0x100002520	0x00000010	[  4] _test_cr_alltoall
0x100002530	0x000003B0	[  4] _test_alltoallv_in_place_impl
0x1000028E0	0x00000010	[  4] _test_mpi_alltoallv_in_place
0x1000028F0	0x00000010	[  4] _test_cr_alltoallv2_in_place
0x100002900	0x00000010	[  4] _test_cr_alltoallv_in_place
0x100002910	0x00000320	[  4] _test_alltoallv_impl
0x100002C30	0x00000010	[  4] _test_mpi_alltoallv
0x100002C40	0x00000010	[  4] _test_cr_alltoallv2
0x100002C50	0x00000010	[  4] _test_cr_alltoallv
0x100002C60	0x000001A0	[  4] _test_mpi_alltoall
0x100002E00	0x00000040	[  4] _init_suite_alltoall_mpi
0x100002E40	0x00000003	[  4] _cleanup_suite_alltoall_mpi
0x100002E50	0x00000010	[  5] _commcntxt_size
0x100002E60	0x00000010	[  5] _commcntxt_id
0x100002E70	0x00000080	[  5] _mcMPICommContext
0x100002EF0	0x00000012	[  5] _delMPICommContext
0x100002F10	0x000000E0	[  6] _cshift
0x100002FF0	0x0000011B	[  6] _cishift
0x100003110	0x00000100	[  7] _cread
0x100003210	0x000000C7	[  7] _ciread
0x1000032E0	0x000000A0	[  8] _cwrite
0x100003380	0x00000090	[  8] _ciwrite
0x100003410	0x00000060	[  9] _init_cr_buf
0x100003470	0x00000020	[  9] _sub_buffer
0x100003490	0x00000060	[  9] _add_to_buffer
0x1000034F0	0x00000070	[  9] _rescue_buf
0x100003560	0x000000B0	[  9] _compress
0x100003610	0x00000310	[  9] _check_buffer
0x100003920	0x00000120	[  9] _get_message
0x100003A40	0x000000B0	[  9] _send_message
0x100003AF0	0x00000080	[  9] _print_buffer
0x100003B70	0x00000020	[  9] _crb_data_len
0x100003B90	0x00000020	[  9] _crb_data
0x100003BB0	0x00000020	[  9] _crb_clear
0x100003BD0	0x00000100	[  9] _crb_resize
0x100003CD0	0x00000010	[  9] _crb_create_msg
0x100003CE0	0x00000020	[  9] _crb_close_msg
0x100003D00	0x00000010	[  9] _crb_add_recipient
0x100003D10	0x00000030	[  9] _crb_add_recipients
0x100003D40	0x00000013	[  9] _crb_add_msgcontent
0x100003D60	0x00000120	[ 10] _read_msg_func
0x100003E80	0x00000050	[ 10] _write_msg_func
0x100003ED0	0x000001E0	[ 10] _Cr_Alltoallv
0x1000040B0	0x0000027E	[ 10] _Cr_Alltoallv2
0x100004330	0x00000022	[ 11] _Cr_Init
0x100004360	0x00000240	[ 12] _message_string
0x1000045A0	0x00000040	[ 12] _cr_msg_header
0x1000045E0	0x00000047	[ 12] _cr_msg_len
0x100004630	0x000000D0	[ 13] _write_msg_func
0x100004700	0x00000530	[ 13] _crystal_router
0x100004C30	0x000000B0	[ 13] _new_crystal_router
0x100004CE0	0x00000040	[ 13] _del_crystal_router
0x100004D20	0x00000023	[ 13] _crb_buffer
0x100004D50	0x00000210	[ 15] _MPIU_Thread_CS_exit_lockname_recursive_impl_.constprop.0
0x100004F60	0x00000270	[ 15] _MPIU_Thread_CS_enter_lockname_recursive_impl_.constprop.1
0x1000051D0	0x00000A56	[ 15] _MPI_Alltoall
0x100005C30	0x00000210	[ 16] _MPIU_Thread_CS_exit_lockname_recursive_impl_.constprop.0
0x100005E40	0x00000270	[ 16] _MPIU_Thread_CS_enter_lockname_recursive_impl_.constprop.1
0x1000060B0	0x00000D58	[ 16] _MPI_Alltoallv
0x100006E10	0x00000210	[ 17] _MPIU_Thread_CS_exit_lockname_recursive_impl_.constprop.0
0x100007020	0x00000270	[ 17] _MPIU_Thread_CS_enter_lockname_recursive_impl_.constprop.1
0x100007290	0x00001022	[ 17] _MPI_Gather
0x1000082C0	0x00000210	[ 18] _MPIU_Thread_CS_exit_lockname_recursive_impl_.constprop.0
0x1000084D0	0x00000270	[ 18] _MPIU_Thread_CS_enter_lockname_recursive_impl_.constprop.1
0x100008740	0x00000406	[ 18] _MPI_Comm_free
0x100008B50	0x00000210	[ 19] _MPIU_Thread_CS_exit_lockname_recursive_impl_.constprop.0
0x100008D60	0x00000270	[ 19] _MPIU_Thread_CS_enter_lockname_recursive_impl_.constprop.1
0x100008FD0	0x000003E4	[ 19] _MPI_Comm_rank
0x1000093C0	0x00000334	[ 20] _MPI_Comm_size
0x100009700	0x000002F5	[ 21] _MPI_Get_count
0x100009A00	0x000002F1	[ 22] _MPI_Init
0x100009D00	0x00000210	[ 23] _MPIU_Thread_CS_exit_lockname_recursive_impl_.constprop.0
0x100009F10	0x00000270	[ 23] _MPIU_Thread_CS_enter_lockname_recursive_impl_.constprop.1
0x10000A180	0x00000663	[ 23] _MPI_Finalize
0x10000A7F0	0x00000210	[ 24] _MPIU_Thread_CS_exit_lockname_recursive_impl_.constprop.0
0x10000AA00	0x00000270	[ 24] _MPIU_Thread_CS_enter_lockname_recursive_impl_.constprop.1
0x10000AC70	0x000007E5	[ 24] _MPI_Irecv
0x10000B460	0x00000210	[ 25] _MPIU_Thread_CS_exit_lockname_recursive_impl_.constprop.0
0x10000B670	0x00000270	[ 25] _MPIU_Thread_CS_enter_lockname_recursive_impl_.constprop.1
0x10000B8E0	0x000007E5	[ 25] _MPI_Isend
0x10000C0D0	0x00000210	[ 26] _MPIU_Thread_CS_exit_lockname_recursive_impl_.constprop.0
0x10000C2E0	0x00000270	[ 26] _MPIU_Thread_CS_enter_lockname_recursive_impl_.constprop.1
0x10000C550	0x00000992	[ 26] _MPI_Recv
0x10000CEF0	0x00000210	[ 27] _MPIU_Thread_CS_exit_lockname_recursive_impl_.constprop.0
0x10000D100	0x00000270	[ 27] _MPIU_Thread_CS_enter_lockname_recursive_impl_.constprop.1
0x10000D370	0x000008E8	[ 27] _MPI_Send
0x10000DC60	0x00000210	[ 28] _MPIU_Thread_CS_exit_lockname_recursive_impl_.constprop.0
0x10000DE70	0x00000270	[ 28] _MPIU_Thread_CS_enter_lockname_recursive_impl_.constprop.1
0x10000E0E0	0x0000038B	[ 28] _MPI_Waitall
0x10000E470	0x00000210	[ 29] _MPIU_Thread_CS_exit_lockname_recursive_impl_.constprop.0
0x10000E680	0x00000270	[ 29] _MPIU_Thread_CS_enter_lockname_recursive_impl_.constprop.1
0x10000E8F0	0x000000D0	[ 29] _MPID_Attr_alloc
0x10000E9C0	0x00000010	[ 29] _MPID_Attr_free
0x10000E9D0	0x00000080	[ 29] _MPIR_Call_attr_delete
0x10000EA50	0x00000080	[ 29] _MPIR_Call_attr_copy
0x10000EAD0	0x000001F0	[ 29] _MPIR_Attr_dup_list
0x10000ECC0	0x000001E0	[ 29] _MPIR_Attr_delete_list
0x10000EEA0	0x00000140	[ 29] _MPIR_Attr_copy_c_proxy
0x10000EFE0	0x00000140	[ 29] _MPIR_Attr_delete_c_proxy
0x10000F120	0x0000006E	[ 29] _MPIR_Keyval_set_proxy
0x10000F190	0x00001610	[ 30] _MPIR_Allreduce_group_intra
0x1000107A0	0x000000B1	[ 30] _MPIR_Allreduce_group
0x100010860	0x00000010	[ 31] _MPIUI_Memcpy
0x100010870	0x000000B0	[ 31] _MPIC_Probe
0x100010920	0x00000710	[ 31] _MPIC_Sendrecv_replace
0x100011030	0x00000760	[ 31] _MPIR_Localcopy
0x100011790	0x00000210	[ 31] _MPIC_Isend
0x1000119A0	0x00000210	[ 31] _MPIC_Irecv
0x100011BB0	0x00000140	[ 31] _MPIC_Wait
0x100011CF0	0x00000520	[ 31] _MPIC_Sendrecv
0x100012210	0x00000430	[ 31] _MPIC_Ssend
0x100012640	0x00000460	[ 31] _MPIC_Recv
0x100012AA0	0x00000430	[ 31] _MPIC_Send
0x100012ED0	0x00000190	[ 31] _MPIC_Send_ft
0x100013060	0x00000320	[ 31] _MPIC_Recv_ft
0x100013380	0x00000190	[ 31] _MPIC_Ssend_ft
0x100013510	0x00000390	[ 31] _MPIC_Sendrecv_ft
0x1000138A0	0x00000340	[ 31] _MPIC_Sendrecv_replace_ft
0x100013BE0	0x000001C0	[ 31] _MPIC_Isend_ft
0x100013DA0	0x00000140	[ 31] _MPIC_Irecv_ft
0x100013EE0	0x000002A7	[ 31] _MPIC_Waitall_ft
0x100014190	0x00000BC0	[ 32] _MPIR_SUM
0x100014D50	0x00000345	[ 32] _MPIR_SUM_check_dtype
0x1000150A0	0x000008E0	[ 33] _MPIR_MAXF
0x100015980	0x00000229	[ 33] _MPIR_MAXF_check_dtype
0x100015BB0	0x000008E0	[ 34] _MPIR_MINF
0x100016490	0x00000229	[ 34] _MPIR_MINF_check_dtype
0x1000166C0	0x000006C0	[ 35] _MPIR_BAND
0x100016D80	0x000001E5	[ 35] _MPIR_BAND_check_dtype
0x100016F70	0x000006C0	[ 36] _MPIR_BOR
0x100017630	0x000001E5	[ 36] _MPIR_BOR_check_dtype
0x100017820	0x000006C0	[ 37] _MPIR_BXOR
0x100017EE0	0x000001E5	[ 37] _MPIR_BXOR_check_dtype
0x1000180D0	0x00000C10	[ 38] _MPIR_LAND
0x100018CE0	0x0000029D	[ 38] _MPIR_LAND_check_dtype
0x100018F80	0x00000CC0	[ 39] _MPIR_LOR
0x100019C40	0x0000029D	[ 39] _MPIR_LOR_check_dtype
0x100019EE0	0x00000E60	[ 40] _MPIR_LXOR
0x10001AD40	0x0000029D	[ 40] _MPIR_LXOR_check_dtype
0x10001AFE0	0x00000D30	[ 41] _MPIR_PROD
0x10001BD10	0x00000345	[ 41] _MPIR_PROD_check_dtype
0x10001C060	0x00000410	[ 42] _MPIR_MINLOC
0x10001C470	0x00000082	[ 42] _MPIR_MINLOC_check_dtype
0x10001C500	0x00000410	[ 43] _MPIR_MAXLOC
0x10001C910	0x00000082	[ 43] _MPIR_MAXLOC_check_dtype
0x10001C9A0	0x00000010	[ 44] _MPIR_NO_OP
0x10001C9B0	0x00000003	[ 44] _MPIR_NO_OP_check_dtype
0x10001C9C0	0x00000050	[ 45] _MPIR_REPLACE
0x10001CA10	0x00000003	[ 45] _MPIR_REPLACE_check_dtype
0x10001CA20	0x0000001F	[ 46] _MPIR_Sched_cb_free_buf
0x10001CA40	0x00000090	[ 47] _MPIR_Locate_context_bit
0x10001CAD0	0x000000D0	[ 47] _cleanup_default_collops
0x10001CBA0	0x000000A0	[ 47] _MPIR_ContextMaskToStr
0x10001CC40	0x00000050	[ 47] _MPIR_Init_contextid
0x10001CC90	0x00000040	[ 47] _MPIU_CheckContextIDsOnFinalize
0x10001CCD0	0x000004E0	[ 47] _set_collops.part.2
0x10001D1B0	0x00000130	[ 47] _MPIR_Find_and_allocate_context_id
0x10001D2E0	0x00000080	[ 47] _gcn_helper
0x10001D360	0x000000C0	[ 47] _MPIR_Comm_dump_context_id.constprop.4
0x10001D420	0x000000C0	[ 47] _MPIUI_Memcpy.constprop.5
0x10001D4E0	0x00000350	[ 47] _gcn_sch
0x10001D830	0x00000390	[ 47] _MPIU_Thread_CS_yield_lockname_recursive_impl_.isra.1.constprop.7
0x10001DBC0	0x00000130	[ 47] _MPIR_Comm_init
0x10001DCF0	0x00000160	[ 47] _MPIR_Comm_create
0x10001DE50	0x000006C0	[ 47] _MPIR_Comm_commit
0x10001E510	0x00000280	[ 47] _MPIR_Setup_intercomm_localcomm
0x10001E790	0x00000010	[ 47] _MPIR_Comm_is_node_aware
0x10001E7A0	0x00000070	[ 47] _MPIR_Comm_is_node_consecutive
0x10001E810	0x00000B10	[ 47] _MPIR_Get_contextid_sparse_group
0x10001F320	0x00000020	[ 47] _MPIR_Get_contextid_sparse
0x10001F340	0x00000090	[ 47] _MPIR_Get_contextid
0x10001F3D0	0x000001E0	[ 47] _MPIR_Get_contextid_nonblock
0x10001F5B0	0x000003B0	[ 47] _MPIR_Get_intercomm_contextid_nonblock
0x10001F960	0x00000310	[ 47] _MPIR_Get_intercomm_contextid
0x10001FC70	0x000003C0	[ 47] _MPIR_Free_contextid
0x100020030	0x000004D0	[ 47] _MPIR_Comm_copy
0x100020500	0x000002F0	[ 47] _MPIR_Comm_copy_data
0x1000207F0	0x00000920	[ 47] _MPIR_Comm_delete_internal
0x100021110	0x000001FA	[ 47] _MPIR_Comm_release_always
0x100021310	0x00000060	[ 48] _MPIR_DatatypeAttrFinalizeCallback
0x100021370	0x000001F0	[ 48] _MPIR_Datatype_finalize
0x100021560	0x00000160	[ 48] _MPIR_Datatype_init
0x1000216C0	0x000002F0	[ 48] _MPIR_Datatype_builtin_fillin
0x1000219B0	0x00000090	[ 48] _MPIR_Datatype_iscontig
0x100021A40	0x0000002D	[ 48] _MPIR_DatatypeAttrFinalize
0x100021A70	0x00000060	[ 49] _checkValidErrcode
0x100021AD0	0x00000350	[ 49] _checkForUserErrcode
0x100021E20	0x00000090	[ 49] _FindSpecificMsgIndex
0x100021EB0	0x00000010	[ 49] _MPIUI_Memcpy
0x100021EC0	0x00000010	[ 49] _MPID_Errhandler_free
0x100021ED0	0x00000080	[ 49] _MPIR_Errhandler_set_cxx
0x100021F50	0x00000050	[ 49] _MPIR_Err_preOrPostInit
0x100021FA0	0x00000010	[ 49] _MPIR_Err_is_fatal
0x100021FB0	0x000000F0	[ 49] _MPIR_Err_init
0x1000220A0	0x00000CC0	[ 49] _MPIR_Err_get_string
0x100022D60	0x000000C0	[ 49] _handleFatalError
0x100022E20	0x000002A0	[ 49] _MPIR_Err_return_comm
0x1000230C0	0x00000190	[ 49] _MPIR_Err_return_win
0x100023250	0x000018F0	[ 49] _MPIR_Err_create_code_valist
0x100024B40	0x00000190	[ 49] _MPIR_Err_create_code
0x100024CD0	0x000003C0	[ 49] _MPIR_Err_combine_codes
0x100025090	0x00000428	[ 49] _MPIR_Err_print_stack
0x1000254C0	0x000001E0	[ 50] _MPIR_Mergesort_lpidarray
0x1000256A0	0x000000E0	[ 50] _MPIR_Group_init
0x100025780	0x00000100	[ 50] _MPIR_Group_release
0x100025880	0x000001E0	[ 50] _MPIR_Group_create
0x100025A60	0x00000030	[ 50] _MPIR_Group_setup_lpid_list
0x100025A90	0x00000050	[ 50] _MPIR_Group_setup_lpid_pairs
0x100025AE0	0x00000140	[ 50] _MPIR_Group_check_valid_ranks
0x100025C20	0x000003D0	[ 50] _MPIR_Group_check_valid_ranges
0x100025FF0	0x00000386	[ 50] _MPIR_GroupCheckVCRSubset
0x100026380	0x00000210	[ 51] _MPIU_Thread_CS_exit_lockname_recursive_impl_.constprop.0
0x100026590	0x00000270	[ 51] _MPIU_Thread_CS_enter_lockname_recursive_impl_.constprop.1
0x100026800	0x00000420	[ 51] _progress_fn
0x100026C20	0x00000300	[ 51] _MPIR_Init_async_thread
0x100026F20	0x000006EF	[ 51] _MPIR_Finalize_async_thread
0x100027610	0x000000A0	[ 52] _MPIR_Progress_wait_request
0x1000276B0	0x00000070	[ 52] _MPIR_Grequest_set_lang_f77
0x100027720	0x000000E0	[ 52] _MPIR_Grequest_cancel
0x100027800	0x00000100	[ 52] _MPIR_Grequest_query
0x100027900	0x000001E0	[ 52] _MPIR_Request_get_error
0x100027AE0	0x000000D0	[ 52] _MPIR_Grequest_free
0x100027BB0	0x000007C0	[ 52] _MPIR_Request_complete
0x100028370	0x00000220	[ 52] _MPIR_Grequest_progress_poke
0x100028590	0x00000203	[ 52] _MPIR_Grequest_waitall
0x1000287A0	0x000001A0	[ 54] _MPIR_Type_is_rma_atomic
0x100028940	0x000001C9	[ 54] _MPIR_Compare_equal
0x100028B10	0x00000040	[ 55] _MPID_Wtime_init
0x100028B50	0x00000010	[ 55] _MPID_Wtime
0x100028B60	0x00000050	[ 55] _MPID_Wtime_diff
0x100028BB0	0x00000050	[ 55] _MPID_Wtime_todouble
0x100028C00	0x00000010	[ 55] _MPID_Wtime_acc
0x100028C10	0x000000F0	[ 55] _MPID_Generic_wtick
0x100028D00	0x00000005	[ 55] _MPID_Wtick
0x100028D10	0x00000010	[ 56] _MPIUI_Memcpy
0x100028D20	0x00000030	[ 56] _MPIR_Topology_finalize
0x100028D50	0x00000160	[ 56] _MPIR_Topology_delete_fn
0x100028EB0	0x00000120	[ 56] _MPIR_Copy_array
0x100028FD0	0x00000470	[ 56] _MPIR_Topology_copy_fn
0x100029440	0x00000050	[ 56] _MPIR_Topology_get
0x100029490	0x00000100	[ 56] _MPIR_Topology_put
0x100029590	0x00000150	[ 56] _MPIR_Topo_canon_nhb_count
0x1000296E0	0x00000560	[ 56] _MPIR_Topo_canon_nhb
0x100029C40	0x00000070	[ 57] _SetDBGLevel
0x100029CB0	0x000001A0	[ 57] _setDBGClass
0x100029E50	0x00000070	[ 57] _MPIU_DBG_Usage
0x100029EC0	0x00000180	[ 57] _MPIU_DBG_ProcessEnv
0x10002A040	0x00000280	[ 57] _MPIU_DBG_ProcessArgs
0x10002A2C0	0x000000F0	[ 57] _dbg_init
0x10002A3B0	0x00000040	[ 57] _dbg_init_tls
0x10002A3F0	0x00000040	[ 57] _get_fp
0x10002A430	0x00000080	[ 57] _set_fp
0x10002A4B0	0x00000360	[ 57] _MPIU_DBG_Get_filename.constprop.3
0x10002A810	0x00000090	[ 57] _MPIU_dbg_init
0x10002A8A0	0x00000200	[ 57] _MPIU_dbglog_printf
0x10002AAA0	0x000001C0	[ 57] _MPIU_dbglog_vprintf
0x10002AC60	0x000000D0	[ 57] _MPIU_dbg_printf
0x10002AD30	0x000000A0	[ 57] _MPIU_dump_dbg_memlog
0x10002ADD0	0x00000040	[ 57] _MPIU_dump_dbg_memlog_to_file
0x10002AE10	0x00000010	[ 57] _MPIU_dump_dbg_memlog_to_stdout
0x10002AE20	0x000003D0	[ 57] _MPIU_DBG_Outevent
0x10002B1F0	0x00000080	[ 57] _MPIU_DBG_PreInit
0x10002B270	0x0000020A	[ 57] _MPIU_DBG_Init
0x10002B480	0x00000009	[ 58] _MPIU_Exit
0x10002B490	0x00000070	[ 59] _MPIU_Info_free
0x10002B500	0x00000130	[ 59] _MPIU_Info_alloc
0x10002B630	0x000000B0	[ 60] _MPIU_INSTR_Printf
0x10002B6E0	0x00000090	[ 60] _MPIU_INSTR_Finalize
0x10002B770	0x00000070	[ 60] _MPIU_INSTR_AddHandle
0x10002B7E0	0x000000C0	[ 60] _MPIU_INSTR_ToStr_Duration_Count
0x10002B8A0	0x00000025	[ 60] _MPIU_INSTR_ToStr_Counter
0x10002B8D0	0x00000010	[ 61] _MPIU_trinit
0x10002B8E0	0x00000350	[ 61] _MPIU_trdump
0x10002BC30	0x00000350	[ 61] _MPIU_trmalloc
0x10002BF80	0x00000370	[ 61] _MPIU_trfree
0x10002C2F0	0x00000330	[ 61] _MPIU_trvalid
0x10002C620	0x00000350	[ 61] _MPIU_trspace
0x10002C970	0x00000350	[ 61] _MPIU_trid
0x10002CCC0	0x00000350	[ 61] _MPIU_trlevel
0x10002D010	0x00000350	[ 61] _MPIU_trDebugLevel
0x10002D360	0x00000350	[ 61] _MPIU_trcalloc
0x10002D6B0	0x00000350	[ 61] _MPIU_trrealloc
0x10002DA00	0x00000340	[ 61] _MPIU_trstrdup
0x10002DD40	0x00000341	[ 61] _MPIU_TrSetMaxMem
0x10002E090	0x00000060	[ 62] _MPIU_Handle_finalize
0x10002E0F0	0x00000060	[ 62] _MPIU_Handle_direct_init
0x10002E150	0x00000030	[ 62] _MPIU_Handle_obj_alloc_complete
0x10002E180	0x000002E0	[ 62] _MPIU_Handle_obj_alloc_unsafe
0x10002E460	0x00000010	[ 62] _MPIU_Handle_obj_alloc
0x10002E470	0x00000040	[ 62] _MPIU_Handle_get_ptr_indirect
0x10002E4B0	0x00000150	[ 62] _MPIU_Handle_get_kind_str
0x10002E600	0x000000F0	[ 62] _MPIU_Handle_obj_free
0x10002E6F0	0x000002E0	[ 62] _MPIU_CheckHandlesOnFinalize
0x10002E9D0	0x00000033	[ 62] _MPIU_Handle_obj_outstanding
0x10002EA10	0x00000070	[ 63] _MPIU_Strncpy
0x10002EA80	0x00000090	[ 63] _MPIU_Strnapp
0x10002EB10	0x0000001F	[ 63] _MPIU_Basename
0x10002EB30	0x000000C0	[ 64] _next_token
0x10002EBF0	0x00000140	[ 64] _compare_token
0x10002ED30	0x00000110	[ 64] _token_copy
0x10002EE40	0x000000A0	[ 64] _quoted_printf
0x10002EEE0	0x000000C0	[ 64] _MPIU_Str_get_string_arg
0x10002EFA0	0x000001B0	[ 64] _MPIU_Str_get_binary_arg
0x10002F150	0x00000160	[ 64] _MPIU_Str_hide_string_arg
0x10002F2B0	0x00000040	[ 64] _MPIU_Str_get_int_arg
0x10002F2F0	0x00000140	[ 64] _MPIU_Str_add_string
0x10002F430	0x00000090	[ 64] _MPIU_Str_get_string
0x10002F4C0	0x00000270	[ 64] _MPIU_Str_add_string_arg
0x10002F730	0x00000060	[ 64] _MPIU_Str_add_int_arg
0x10002F790	0x0000029C	[ 64] _MPIU_Str_add_binary_arg
0x10002FA30	0x00000041	[ 65] _MPIU_Strerror
0x10002FA80	0x000000B0	[ 66] _MPIU_Usage_printf
0x10002FB30	0x000000C0	[ 66] _MPIU_Error_printf
0x10002FBF0	0x000000C0	[ 66] _MPIU_Internal_error_printf
0x10002FCB0	0x00000100	[ 66] _MPIU_Internal_sys_error_printf
0x10002FDB0	0x000000B1	[ 66] _MPIU_Msg_printf
0x10002FE70	0x000000D0	[ 67] _MPIR_Assert_fail
0x10002FF40	0x00000204	[ 67] _MPIR_Assert_fail_fmt
0x100030150	0x00001DF0	[ 68] _MPIR_Param_init_params
0x100031F40	0x00000083	[ 68] _MPIR_Param_finalize
0x100031FD0	0x00000830	[ 69] _MPIU_Find_local_and_external
0x100032800	0x00000150	[ 69] _MPIU_Get_internode_rank
0x100032950	0x0000014A	[ 69] _MPIU_Get_intranode_rank
0x100032AA0	0x00000040	[ 70] _MPEI_Thread_start
0x100032AE0	0x000000BA	[ 70] _MPIU_Thread_create
0x100032BA0	0x00000074	[ 71] _PMPI_Status_f2c
0x100032C20	0x00000010	[ 72] _MPIUI_Memcpy
0x100032C30	0x00000CA0	[ 72] _MPIDI_CH3U_Buffer_copy
0x1000338D0	0x0000027D	[ 72] _MPIDI_CH3_RecvFromSelf
0x100033B50	0x00000160	[ 73] _comm_destroyed
0x100033CB0	0x00000180	[ 73] _register_hook_finalize
0x100033E30	0x00000110	[ 73] _comm_created
0x100033F40	0x00000120	[ 73] _MPIDI_CH3I_Comm_create_hook
0x100034060	0x00000120	[ 73] _MPIDI_CH3I_Comm_destroy_hook
0x100034180	0x00000150	[ 73] _MPIDI_CH3U_Comm_register_create_hook
0x1000342D0	0x00000150	[ 73] _MPIDI_CH3U_Comm_register_destroy_hook
0x100034420	0x00000150	[ 73] _MPIDI_CH3I_Comm_init
0x100034570	0x00000351	[ 73] _MPIDI_CH3I_Comm_handle_failed_procs
0x1000348D0	0x000009F0	[ 74] _MPIDI_Comm_spawn_multiple
0x1000352C0	0x00000100	[ 74] _MPIDI_CH3_GetParentPort
0x1000353C0	0x00000032	[ 74] _MPIDI_CH3_FreeParentPort
0x100035400	0x00000730	[ 75] _MPIDI_CH3U_Handle_connection
0x100035B30	0x00000480	[ 75] _MPIDI_CH3U_VC_SendClose
0x100035FB0	0x00000580	[ 75] _MPIDI_CH3_PktHandler_Close
0x100036530	0x00000180	[ 75] _MPIDI_CH3U_VC_WaitForClose
0x1000366B0	0x000009D0	[ 75] _MPIDI_CH3U_Check_for_failed_procs
0x100037080	0x0000006A	[ 75] _MPIDI_CH3U_Dump_vc_states
0x1000370F0	0x00000010	[ 76] _MPIUI_Memcpy
0x100037100	0x00000770	[ 76] _MPIDI_CH3U_Receive_data_found
0x100037870	0x000002E0	[ 76] _MPIDI_CH3U_Receive_data_unexpected
0x100037B50	0x00000490	[ 76] _MPIDI_CH3U_Post_data_receive_found
0x100037FE0	0x000001B0	[ 76] _MPIDI_CH3U_Post_data_receive_unexpected
0x100038190	0x00000170	[ 76] _MPIDI_CH3I_Try_acquire_win_lock
0x100038300	0x00000010	[ 76] _MPIDI_CH3_PktHandler_FlowCntlUpdate
0x100038310	0x00000090	[ 76] _MPIDI_CH3_PktHandler_EndCH3
0x1000383A0	0x00000260	[ 76] _MPIDI_CH3_PktHandler_Init
0x100038600	0x0000014D	[ 76] _MPIDI_CH3U_Handle_recv_pkt
0x100038750	0x000001B0	[ 77] _do_simple_accumulate
0x100038900	0x00000010	[ 77] _MPIUI_Memcpy
0x100038910	0x000002B0	[ 77] _create_derived_datatype
0x100038BC0	0x00000340	[ 77] _do_simple_get
0x100038F00	0x000002B0	[ 77] _MPIDI_CH3U_Handle_recv_req
0x1000391B0	0x00000190	[ 77] _MPIDI_CH3_ReqHandler_RecvComplete
0x100039340	0x00000240	[ 77] _MPIDI_CH3_ReqHandler_PutRespDerivedDTComplete
0x100039580	0x00000320	[ 77] _MPIDI_CH3_ReqHandler_AccumRespDerivedDTComplete
0x1000398A0	0x000004A0	[ 77] _MPIDI_CH3_ReqHandler_GetRespDerivedDTComplete
0x100039D40	0x00000250	[ 77] _MPIDI_CH3_ReqHandler_UnpackUEBufComplete
0x100039F90	0x00000120	[ 77] _MPIDI_CH3_ReqHandler_UnpackSRBufReloadIOV
0x10003A0B0	0x00000120	[ 77] _MPIDI_CH3_ReqHandler_ReloadIOV
0x10003A1D0	0x00000230	[ 77] _MPIDI_CH3I_Send_pt_rma_done_pkt
0x10003A400	0x00000370	[ 77] _MPIDI_CH3I_Release_lock
0x10003A770	0x00000A90	[ 77] _MPIDI_CH3_ReqHandler_FOPComplete
0x10003B200	0x00000420	[ 77] _MPIDI_CH3_ReqHandler_SinglePutAccumComplete
0x10003B620	0x000008C0	[ 77] _MPIDI_CH3_ReqHandler_PutAccumRespComplete
0x10003BEE0	0x0000026A	[ 77] _MPIDI_CH3_ReqHandler_UnpackSRBufComplete
0x10003C150	0x00000280	[ 78] _MPIDI_CH3U_Handle_send_req
0x10003C3D0	0x00000240	[ 78] _MPIDI_CH3_ReqHandler_GetSendRespComplete
0x10003C610	0x00000085	[ 78] _MPIDI_CH3_ReqHandler_SendReloadIOV
0x10003C6A0	0x000002B0	[ 79] _MPIDI_CH3I_Initialize_tmp_comm
0x10003C950	0x00000200	[ 79] _SetupNewIntercomm
0x10003CB50	0x000000A0	[ 79] _FreeNewVC
0x10003CBF0	0x00000490	[ 79] _ExtractLocalPGInfo.isra.0
0x10003D080	0x000001D0	[ 79] _SendPGtoPeerAndFree.isra.1
0x10003D250	0x00000400	[ 79] _ReceivePGAndDistribute.isra.2
0x10003D650	0x000010B0	[ 79] _MPIDI_Comm_connect
0x10003E700	0x00000450	[ 79] _MPID_PG_BCast
0x10003EB50	0x000001C0	[ 79] _MPIDI_CH3I_Acceptq_enqueue
0x10003ED10	0x000001C0	[ 79] _MPIDI_CH3I_Acceptq_dequeue
0x10003EED0	0x00000CB9	[ 79] _MPIDI_Comm_accept
0x10003FB90	0x00000020	[ 80] _simple_uint_creator
0x10003FBB0	0x00000020	[ 80] _simple_aint_creator
0x10003FBD0	0x00000330	[ 80] _dequeue_and_set_error
0x10003FF00	0x00000050	[ 80] _rank_val_to_str.constprop.0
0x10003FF50	0x00000050	[ 80] _tag_val_to_str.constprop.1
0x10003FFA0	0x00000270	[ 80] _MPIDI_CH3U_Recvq_init
0x100040210	0x00000240	[ 80] _MPIDI_CH3U_Recvq_FU
0x100040450	0x000001A0	[ 80] _MPIDI_CH3U_Recvq_FDU
0x1000405F0	0x00000490	[ 80] _MPIDI_CH3U_Recvq_FDU_matchonly
0x100040A80	0x00000A90	[ 80] _MPIDI_CH3U_Recvq_FDU_or_AEP
0x100041510	0x00000150	[ 80] _MPIDI_CH3U_Recvq_DP
0x100041660	0x000003A0	[ 80] _MPIDI_CH3U_Recvq_FDP_or_AEU
0x100041A00	0x00000120	[ 80] _MPIDI_CH3U_Complete_disabled_anysources
0x100041B20	0x00000120	[ 80] _MPIDI_CH3U_Complete_posted_with_error
0x100041C40	0x00000230	[ 80] _MPIDI_CH3U_Dbg_print_recvq
0x100041E70	0x00000023	[ 80] _MPIDI_CH3U_Recvq_count_unexp
0x100041EA0	0x00000010	[ 81] _MPIUI_Memcpy
0x100041EB0	0x000002C0	[ 81] _MPID_Request_create
0x100042170	0x000003A0	[ 81] _MPIDI_CH3_Request_destroy
0x100042510	0x00000800	[ 81] _MPIDI_CH3U_Request_load_send_iov
0x100042D10	0x00000840	[ 81] _MPIDI_CH3U_Request_load_recv_iov
0x100043550	0x000001E0	[ 81] _MPIDI_CH3U_Request_unpack_srbuf
0x100043730	0x00000470	[ 81] _MPIDI_CH3U_Request_unpack_uebuf
0x100043BA0	0x00000057	[ 81] _MPID_Request_set_completed
0x100043C00	0x000000E0	[ 82] _MPIDI_Rput
0x100043CE0	0x000000E0	[ 82] _MPIDI_Rget
0x100043DC0	0x000000E0	[ 82] _MPIDI_Raccumulate
0x100043EA0	0x000000E0	[ 82] _MPIDI_Rget_accumulate
0x100043F80	0x000000E0	[ 82] _MPIDI_Win_flush
0x100044060	0x000000E0	[ 82] _MPIDI_Win_flush_all
0x100044140	0x000000E0	[ 82] _MPIDI_Win_flush_local
0x100044220	0x000000E0	[ 82] _MPIDI_Win_flush_local_all
0x100044300	0x000000DD	[ 82] _MPIDI_Win_shared_query
0x1000443E0	0x00000010	[ 83] _MPIUI_Memcpy
0x1000443F0	0x000008C0	[ 83] _MPIDI_Get_accumulate
0x100044CB0	0x000004F0	[ 83] _MPIDI_Compare_and_swap
0x1000451A0	0x00000401	[ 83] _MPIDI_Fetch_and_op
0x1000455B0	0x00000450	[ 84] _MPIDI_Win_free
0x100045A00	0x00000670	[ 84] _MPIDI_Put
0x100046070	0x00000670	[ 84] _MPIDI_Get
0x1000466E0	0x00000C20	[ 84] _MPIDI_Accumulate
0x100047300	0x000000D0	[ 84] _MPIDI_Alloc_mem
0x1000473D0	0x000000BD	[ 84] _MPIDI_Free_mem
0x100047490	0x00000010	[ 85] _MPIUI_Memcpy
0x1000474A0	0x00000250	[ 85] _MPIDI_CH3I_RMAListPartialComplete
0x1000476F0	0x00000300	[ 85] _MPIDI_CH3I_RMAListComplete
0x1000479F0	0x00000E90	[ 85] _MPIDI_CH3I_Send_immed_rmw_msg
0x100048880	0x000006F0	[ 85] _MPIDI_CH3I_Send_contig_acc_msg
0x100048F70	0x00000A40	[ 85] _MPIDI_CH3I_Recv_rma_msg
0x1000499B0	0x00001460	[ 85] _MPIDI_CH3I_Send_rma_msg
0x10004AE10	0x00000DC0	[ 85] _MPIDI_CH3_RMA_InitInstr
0x10004BBD0	0x00000A20	[ 85] _MPIDI_Win_fence
0x10004C5F0	0x000006E0	[ 85] _MPIDI_Win_post
0x10004CCD0	0x00000290	[ 85] _MPIDI_Win_start
0x10004CF60	0x00000EE0	[ 85] _MPIDI_Win_complete
0x10004DE40	0x000001A0	[ 85] _MPIDI_Win_wait
0x10004DFE0	0x00000130	[ 85] _MPIDI_Win_test
0x10004E110	0x000002E0	[ 85] _MPIDI_Win_lock
0x10004E3F0	0x00001CE0	[ 85] _MPIDI_Win_unlock
0x1000500D0	0x000000A0	[ 85] _MPIDI_Win_sync
0x100050170	0x00000130	[ 85] _MPIDI_Win_unlock_all
0x1000502A0	0x00000100	[ 85] _MPIDI_Win_lock_all
0x1000503A0	0x000002A0	[ 85] _MPIDI_CH3I_Send_lock_granted_pkt
0x100050640	0x00000A00	[ 85] _MPIDI_CH3_PktHandler_Put
0x100051040	0x000007B0	[ 85] _MPIDI_CH3_PktHandler_Get
0x1000517F0	0x00000AA0	[ 85] _MPIDI_CH3_PktHandler_Accumulate
0x100052290	0x00000470	[ 85] _MPIDI_CH3_PktHandler_Accumulate_Immed
0x100052700	0x00000660	[ 85] _MPIDI_CH3_PktHandler_CAS
0x100052D60	0x00000440	[ 85] _MPIDI_CH3_PktHandler_CASResp
0x1000531A0	0x00000580	[ 85] _MPIDI_CH3_PktHandler_FOP
0x100053720	0x00000500	[ 85] _MPIDI_CH3_PktHandler_FOPResp
0x100053C20	0x000002F0	[ 85] _MPIDI_CH3_PktHandler_Lock
0x100053F10	0x000007A0	[ 85] _MPIDI_CH3_PktHandler_LockPutUnlock
0x1000546B0	0x00000540	[ 85] _MPIDI_CH3_PktHandler_LockGetUnlock
0x100054BF0	0x000006E0	[ 85] _MPIDI_CH3_PktHandler_LockAccumUnlock
0x1000552D0	0x00000560	[ 85] _MPIDI_CH3_PktHandler_GetResp
0x100055830	0x000001C0	[ 85] _MPIDI_CH3_PktHandler_LockGranted
0x1000559F0	0x000001BD	[ 85] _MPIDI_CH3_PktHandler_PtRMADone
0x100055BB0	0x00000630	[ 86] _MPIDI_CH3_RndvSend
0x1000561E0	0x000004E0	[ 86] _MPIDI_CH3_PktHandler_RndvReqToSend
0x1000566C0	0x00000510	[ 86] _MPIDI_CH3_PktHandler_RndvClrToSend
0x100056BD0	0x00000440	[ 86] _MPIDI_CH3_PktHandler_RndvSend
0x100057010	0x000001FA	[ 86] _MPIDI_CH3_RecvRndv
0x100057210	0x000002F0	[ 87] _MPIDI_CH3_SendNoncontig_iov
0x100057500	0x00000390	[ 87] _MPIDI_CH3_EagerNoncontigSend
0x100057890	0x00000320	[ 87] _MPIDI_CH3_EagerContigSend
0x100057BB0	0x000002C0	[ 87] _MPIDI_CH3_EagerContigShortSend
0x100057E70	0x000006A0	[ 87] _MPIDI_CH3_PktHandler_EagerShortSend
0x100058510	0x000003D0	[ 87] _MPIDI_CH3_EagerContigIsend
0x1000588E0	0x00000550	[ 87] _MPIDI_CH3_PktHandler_EagerSend
0x100058E30	0x0000073A	[ 87] _MPIDI_CH3_PktHandler_ReadySend
0x100059570	0x00000520	[ 88] _MPIDI_CH3_EagerSyncNoncontigSend
0x100059A90	0x00000380	[ 88] _MPIDI_CH3_EagerSyncZero
0x100059E10	0x000001F0	[ 88] _MPIDI_CH3_EagerSyncAck
0x10005A000	0x00000A10	[ 88] _MPIDI_CH3_PktHandler_EagerSyncSend
0x10005AA10	0x0000023A	[ 88] _MPIDI_CH3_PktHandler_EagerSyncAck
0x10005AC50	0x000000E0	[ 89] _MPIDI_CH3U_Win_allocate_shared
0x10005AD30	0x000000E0	[ 89] _MPIDI_Win_fns_init
0x10005AE10	0x00000660	[ 89] _MPIDI_CH3U_Win_create_gather
0x10005B470	0x00000280	[ 89] _MPIDI_CH3U_Win_allocate
0x10005B6F0	0x00000130	[ 89] _MPIDI_CH3U_Win_create_dynamic
0x10005B820	0x00000160	[ 89] _MPIDI_CH3U_Win_create
0x10005B980	0x00000090	[ 89] _MPIDI_Win_attach
0x10005BA10	0x0000008C	[ 89] _MPIDI_Win_detach
0x10005BAA0	0x000001E1	[ 90] _MPID_Abort
0x10005BC90	0x00000890	[ 91] _MPID_Cancel_send
0x10005C520	0x00000490	[ 91] _MPIDI_CH3_PktHandler_CancelSendReq
0x10005C9B0	0x00000319	[ 91] _MPIDI_CH3_PktHandler_CancelSendResp
0x10005CCD0	0x00000255	[ 92] _MPID_Finalize
0x10005CF30	0x0000006F	[ 93] _MPID_Get_universe_size
0x10005CFA0	0x00000137	[ 94] _MPID_Get_processor_name
0x10005D0E0	0x00000030	[ 95] _MPIDI_CH3I_PG_Destroy
0x10005D110	0x000000B0	[ 95] _split_type
0x10005D1C0	0x00000020	[ 95] _MPIDI_CH3I_PG_Compare_ids
0x10005D1E0	0x00000070	[ 95] _finalize_failed_procs_group
0x10005D250	0x00000A80	[ 95] _MPID_Init
0x10005DCD0	0x00000010	[ 95] _MPID_InitCompleted
0x10005DCE0	0x000000B0	[ 95] _MPIDI_CH3I_BCInit
0x10005DD90	0x00000024	[ 95] _MPIDI_CH3I_BCFree
0x10005DDC0	0x00000D0C	[ 96] _MPID_Irecv
0x10005EAD0	0x00000C62	[ 97] _MPID_Isend
0x10005F740	0x00000A46	[ 98] _MPID_Issend
0x100060190	0x00000270	[ 99] _MPIDI_Open_port
0x100060400	0x00000190	[ 99] _MPID_Open_port
0x100060590	0x00000180	[ 99] _MPID_Close_port
0x100060710	0x000001C0	[ 99] _MPID_Comm_accept
0x1000608D0	0x000001C0	[ 99] _MPID_Comm_connect
0x100060A90	0x00000050	[ 99] _MPIDI_GetTagFromPort
0x100060AE0	0x0000012D	[ 99] _MPIDI_Close_port
0x100060C10	0x0000013D	[100] _MPID_Probe
0x100060D50	0x00000DBF	[101] _MPID_Recv
0x100061B10	0x00000DCF	[102] _MPID_Send
0x1000628E0	0x0000085F	[103] _MPID_Ssend
0x100063140	0x00000200	[104] _MPIDI_CH3U_VC_FinishPending
0x100063340	0x00000220	[104] _MPID_VCRT_Create
0x100063560	0x000001F0	[104] _MPID_VCRT_Add_ref
0x100063750	0x00000620	[104] _MPID_VCRT_Release
0x100063D70	0x000000C0	[104] _MPID_VCRT_Get_ptr
0x100063E30	0x000004A0	[104] _MPID_VCR_Dup
0x1000642D0	0x000000C0	[104] _MPID_VCR_Get_lpid
0x100064390	0x000001E0	[104] _MPID_GPID_GetAllInComm
0x100064570	0x00000050	[104] _MPID_GPID_Get
0x1000645C0	0x00000150	[104] _MPID_GPID_ToLpidArray
0x100064710	0x00000170	[104] _MPID_VCR_CommFromLpids
0x100064880	0x000001A0	[104] _MPID_PG_ForwardPGInfo
0x100064A20	0x000000E0	[104] _MPIDI_CH3U_Comm_FinishPending
0x100064B00	0x00000140	[104] _MPIDI_VC_Init
0x100064C40	0x00000020	[104] _MPID_Get_node_id
0x100064C60	0x00000040	[104] _MPID_Get_max_node_id
0x100064CA0	0x000015BD	[104] _MPIDI_Populate_vc_node_ids
0x100066260	0x00000760	[105] _win_init.isra.0
0x1000669C0	0x000001A0	[105] _MPID_Win_create
0x100066B60	0x000001A0	[105] _MPID_Win_allocate
0x100066D00	0x00000180	[105] _MPID_Win_create_dynamic
0x100066E80	0x000000D0	[105] _MPID_Alloc_mem
0x100066F50	0x00000100	[105] _MPID_Free_mem
0x100067050	0x0000019D	[105] _MPID_Win_allocate_shared
0x1000671F0	0x00000CED	[106] _MPIDI_Isend_self
0x100067EE0	0x00000010	[107] _connFromStringKVS
0x100067EF0	0x00000080	[107] _connFree
0x100067F70	0x00000030	[107] _connFreeKVS
0x100067FA0	0x00000100	[107] _connFromString
0x1000680A0	0x00000130	[107] _getConnInfo
0x1000681D0	0x00000280	[107] _connToString
0x100068450	0x00000140	[107] _MPIDI_PG_Init
0x100068590	0x00000370	[107] _MPIDI_PG_Create
0x100068900	0x00000370	[107] _MPIDI_PG_Destroy
0x100068C70	0x00000100	[107] _MPIDI_PG_Find
0x100068D70	0x00000010	[107] _MPIDI_PG_Id_compare
0x100068D80	0x00000020	[107] _MPIDI_PG_Get_next
0x100068DA0	0x00000010	[107] _MPIDI_PG_Has_next
0x100068DB0	0x00000010	[107] _MPIDI_PG_Get_iterator
0x100068DC0	0x00000130	[107] _MPIDI_PG_To_string
0x100068EF0	0x00000220	[107] _MPIDI_PG_Create_from_string
0x100069110	0x00000050	[107] _MPIDI_PG_IdToNum
0x100069160	0x00000210	[107] _MPIDI_PG_SetConnInfo
0x100069370	0x00000150	[107] _MPIDI_PG_InitConnKVS
0x1000694C0	0x00000020	[107] _MPIDI_PG_GetConnKVSname
0x1000694E0	0x000000E0	[107] _MPIDI_PrintConnStr
0x1000695C0	0x000000F0	[107] _MPIDI_PrintConnStrToFile
0x1000696B0	0x00000040	[107] _MPIDI_PG_InitConnString
0x1000696F0	0x00000040	[107] _MPIDI_PG_GetConnString
0x100069730	0x00000340	[107] _MPIDI_PG_Dup_vcr
0x100069A70	0x000004B0	[107] _MPIDI_PG_Close_VCs
0x100069F20	0x000000D0	[107] _MPIU_PG_Printall
0x100069FF0	0x00000250	[107] _MPIDI_PG_Finalize
0x10006A240	0x00000090	[107] _MPIDI_PG_CheckForSingleton
0x10006A2D0	0x000000F0	[107] _getConnInfoKVS
0x10006A3C0	0x000002C9	[107] _connToStringKVS
0x10006A690	0x00000100	[108] _MPIDI_dbg_printf
0x10006A790	0x00000100	[108] _MPIDI_err_printf
0x10006A890	0x000000D0	[108] _MPIDI_VC_GetStateString
0x10006A960	0x00000514	[108] _MPIDI_Pkt_GetDescString
0x10006AE80	0x0000012D	[109] _MPIDI_CH3_Finalize
0x10006AFB0	0x00000090	[110] _MPIDI_CH3_PortFnsInit
0x10006B040	0x00000120	[110] _MPIDI_CH3_Get_business_card
0x10006B160	0x00000130	[110] _MPIDI_CH3_VC_Init
0x10006B290	0x000001F0	[110] _MPIDI_CH3_Init
0x10006B480	0x00000140	[110] _MPIDI_CH3_VC_Destroy
0x10006B5C0	0x000002D0	[110] _MPIDI_CH3_Connect_to_root
0x10006B890	0x00000010	[110] _MPIDI_CH3_VC_GetStateString
0x10006B8A0	0x00000090	[110] _MPIDI_CH3_PG_Init
0x10006B930	0x00000090	[110] _MPIDI_CH3_PG_Destroy
0x10006B9C0	0x00000140	[110] _MPID_nem_register_initcomp_cb
0x10006BB00	0x0000010D	[110] _MPIDI_CH3_InitCompleted
0x10006BC10	0x00000010	[111] _MPIUI_Memcpy
0x10006BC20	0x00000D8A	[111] _MPIDI_CH3_iSend
0x10006C9B0	0x00000010	[112] _MPIUI_Memcpy
0x10006C9C0	0x00001F68	[112] _MPIDI_CH3_iSendv
0x10006E930	0x00000010	[113] _MPIUI_Memcpy
0x10006E940	0x00000AF1	[113] _MPIDI_CH3_iStartMsg
0x10006F440	0x00000010	[114] _MPIUI_Memcpy
0x10006F450	0x00001CA5	[114] _MPIDI_CH3_iStartMsgv
0x100071100	0x00000090	[115] _sigusr1_handler
0x100071190	0x00000140	[115] _pkt_NETMOD_handler
0x1000712D0	0x00000010	[115] _MPIUI_Memcpy
0x1000712E0	0x00000390	[115] _MPIU_Thread_CS_yield_lockname_recursive_impl_.isra.3.constprop.5
0x100071670	0x00000310	[115] _shm_connection_terminated
0x100071980	0x00000290	[115] _check_terminating_vcs
0x100071C10	0x00002B50	[115] _MPIDI_CH3I_Shm_send_progress
0x100074760	0x00000090	[115] _MPIDI_CH3I_Progress_wakeup
0x1000747F0	0x00000E40	[115] _MPID_nem_handle_pkt
0x100075630	0x00001410	[115] _MPIDI_CH3I_Progress
0x100076A40	0x000002A0	[115] _MPIDI_CH3I_Progress_init
0x100076CE0	0x000000E0	[115] _MPIDI_CH3I_Progress_finalize
0x100076DC0	0x000003A0	[115] _MPIDI_CH3I_Complete_sendq_with_error
0x100077160	0x00000560	[115] _MPIDI_CH3_Connection_terminate
0x1000776C0	0x000000C0	[115] _MPIDI_CH3I_Register_anysource_notification
0x100077780	0x000001F0	[115] _MPIDI_CH3I_Posted_recv_enqueued
0x100077970	0x000002E5	[115] _MPIDI_CH3I_Posted_recv_dequeued
0x100077C60	0x000001D0	[116] _MPIDI_CH3_SHM_Win_shared_query
0x100077E30	0x00000334	[116] _MPIDI_CH3_SHM_Win_free
0x100078170	0x00001840	[117] _MPIDI_CH3I_Win_allocate_shared
0x1000799B0	0x000000BF	[117] _MPIDI_CH3_Win_fns_init
0x100079A70	0x00000140	[118] _nem_coll_finalize
0x100079BB0	0x00000090	[118] _MPIDI_CH3I_comm_create
0x100079C40	0x00000090	[118] _MPIDI_CH3I_comm_destroy
0x100079CD0	0x00000110	[118] _MPID_nem_barrier_vars_init
0x100079DE0	0x00000152	[118] _MPID_nem_coll_init
0x100079F40	0x00000010	[119] _MPIUI_Memcpy
0x100079F50	0x000010F0	[119] _MPIDI_CH3I_SendNoncontig
0x10007B040	0x00000060	[120] _MPIU_SHMW_Seg_remove.isra.9.part.10
0x10007B0A0	0x000001E0	[120] _MPIDI_CH3I_Seg_alloc
0x10007B280	0x000017A0	[120] _MPIDI_CH3I_Seg_commit
0x10007CA20	0x0000027F	[120] _MPIDI_CH3I_Seg_destroy
0x10007CCA0	0x000000E0	[121] _MPID_nem_queue_init
0x10007CD80	0x00001030	[121] _MPID_nem_init
0x10007DDB0	0x000006C0	[121] _MPID_nem_vc_init
0x10007E470	0x00000120	[121] _MPID_nem_vc_destroy
0x10007E590	0x00000030	[121] _MPID_nem_get_business_card
0x10007E5C0	0x00000010	[121] _MPID_nem_connect_to_root
0x10007E5D0	0x000000F0	[122] _MPID_nem_barrier_init
0x10007E6C0	0x0000018D	[122] _MPID_nem_barrier
0x10007E850	0x00000010	[123] _MPIUI_Memcpy
0x10007E860	0x000002D0	[123] _MPID_nem_mpich2_init
0x10007EB30	0x00000472	[123] _MPID_nem_send_iov
0x10007EFB0	0x0000022D	[124] _MPID_nem_finalize
0x10007F1E0	0x00000010	[125] _MPID_nem_network_poll
0x10007F1F0	0x000001ED	[126] _MPID_nem_choose_netmod
0x10007F3E0	0x00000210	[127] _MPID_nem_dbg_dump_cell
0x10007F5F0	0x00000210	[127] _MPID_nem_dbg_print_vc_sendq
0x10007F800	0x00000160	[127] _MPID_nem_dbg_print_all_sendq
0x10007F960	0x00000220	[128] _pkt_DONE_handler
0x10007FB80	0x000002F0	[128] _do_cts
0x10007FE70	0x00000160	[128] _do_cookie
0x10007FFD0	0x00000160	[128] _do_send
0x100080130	0x000005C0	[128] _pkt_COOKIE_handler
0x1000806F0	0x000006F0	[128] _pkt_CTS_handler
0x100080DE0	0x00000010	[128] _MPIUI_Memcpy
0x100080DF0	0x00000890	[128] _pkt_RTS_handler
0x100081680	0x00000150	[128] _MPID_nem_lmt_pkthandler_init
0x1000817D0	0x000003B0	[128] _MPID_nem_lmt_RndvSend
0x100081B80	0x000001F3	[128] _MPID_nem_lmt_RndvRecv
0x100081D80	0x00000550	[129] _get_next_req
0x1000822D0	0x00000560	[129] _lmt_shm_send_progress
0x100082830	0x00000010	[129] _MPIUI_Memcpy
0x100082840	0x00000A00	[129] _lmt_shm_recv_progress
0x100083240	0x000003D0	[129] _MPID_nem_attach_shm_region
0x100083610	0x00000550	[129] _MPID_nem_lmt_shm_initiate_lmt
0x100083B60	0x00000D30	[129] _MPID_nem_lmt_shm_start_recv
0x100084890	0x000013B0	[129] _MPID_nem_lmt_shm_start_send
0x100085C40	0x000000A0	[129] _MPID_nem_lmt_shm_handle_cookie
0x100085CE0	0x00000090	[129] _MPID_nem_lmt_shm_done_send
0x100085D70	0x00000090	[129] _MPID_nem_lmt_shm_done_recv
0x100085E00	0x00000400	[129] _MPID_nem_lmt_shm_progress
0x100086200	0x000003EF	[129] _MPID_nem_lmt_shm_vc_terminated
0x1000865F0	0x000001BD	[131] _MPID_nem_tcp_finalize
0x1000867B0	0x00000010	[132] _MPID_nem_tcp_vc_destroy
0x1000867C0	0x00000010	[132] _MPIUI_Memcpy
0x1000867D0	0x00000800	[132] _MPID_nem_tcp_get_business_card
0x100086FD0	0x00000190	[132] _MPID_nem_tcp_vc_init
0x100087160	0x000002B0	[132] _MPID_nem_tcp_get_addr_port_from_bc
0x100087410	0x00000190	[132] _MPID_nem_tcp_connect_to_root
0x1000875A0	0x000002B0	[132] _MPID_nem_tcp_bind
0x100087850	0x00000500	[132] _MPID_nem_tcp_init
0x100087D50	0x000001C0	[132] _MPID_nem_tcp_vc_terminated
0x100087F10	0x0000018F	[132] _MPID_nem_tcp_vc_terminate
0x1000880A0	0x000000E0	[133] _MPID_nem_tcp_send_init
0x100088180	0x00000A20	[133] _MPID_nem_tcp_send_queued
0x100088BA0	0x00000050	[133] _MPID_nem_tcp_send_finalize
0x100088BF0	0x000001E0	[133] _MPID_nem_tcp_conn_est
0x100088DD0	0x00000C70	[133] _MPID_nem_tcp_iStartContigMsg
0x100089A40	0x00000AE0	[133] _MPID_nem_tcp_iStartContigMsg_paused
0x10008A520	0x00000E20	[133] _MPID_nem_tcp_iSendContig
0x10008B340	0x00000F40	[133] _MPID_nem_tcp_SendNoncontig
0x10008C280	0x0000065F	[133] _MPID_nem_tcp_error_out_send_queue
0x10008C8E0	0x00000030	[134] _MPID_nem_tcp_get_conninfo
0x10008C910	0x000002D0	[134] _MPID_nem_tcp_get_vc_from_conninfo
0x10008CBE0	0x00000420	[134] _MPID_nem_tcp_set_sockopts
0x10008D000	0x00000160	[134] _MPID_nem_tcp_check_sock_status
0x10008D160	0x00000110	[134] _MPID_nem_tcp_is_sock_connected
0x10008D270	0x0000008E	[134] _MPID_nem_tcp_vc_dbg_print_sendq
0x10008D300	0x00000160	[135] _error_closed
0x10008D460	0x000004A0	[135] _cleanup_and_free_sc_plfd
0x10008D900	0x00000010	[135] _MPIUI_Memcpy
0x10008D910	0x00000BD0	[135] _find_free_entry
0x10008E4E0	0x00000260	[135] _recv_cmd_pkt
0x10008E740	0x00000200	[135] _close_cleanup_and_free_sc_plfd
0x10008E940	0x00000230	[135] _state_tc_c_cnting_handler
0x10008EB70	0x00000460	[135] _state_c_tmpvcsent_handler
0x10008EFD0	0x00000460	[135] _state_c_ranksent_handler
0x10008F430	0x000001B0	[135] _send_cmd_pkt
0x10008F5E0	0x00000340	[135] _state_l_tmpvcrcvd_handler
0x10008F920	0x00000570	[135] _found_better_sc
0x10008FE90	0x00000690	[135] _state_l_rankrcvd_handler
0x100090520	0x00000DD0	[135] _state_l_cntd_handler
0x1000912F0	0x00000A60	[135] _state_tc_c_cntd_handler
0x100091D50	0x00000630	[135] _alloc_sc_plfd_tbls
0x100092380	0x00000130	[135] _dbg_print_sc_tbl
0x1000924B0	0x00000B30	[135] _MPID_nem_tcp_connect
0x100092FE0	0x00000270	[135] _MPID_nem_tcp_cleanup
0x100093250	0x00000160	[135] _MPID_nem_tcp_ckpt_cleanup
0x1000933B0	0x00000180	[135] _MPID_nem_tcp_sm_init
0x100093530	0x000000B0	[135] _MPID_nem_tcp_sm_finalize
0x1000935E0	0x00000550	[135] _MPID_nem_tcp_state_listening_handler
0x100093B30	0x00000100	[135] _MPID_nem_tcp_cleanup_on_error
0x100093C30	0x00000400	[135] _MPID_nem_tcp_connpoll
0x100094030	0x000009F0	[135] _MPID_nem_tcp_recv_handler
0x100094A20	0x0000020C	[135] _state_commrdy_handler
0x100094C30	0x00000010	[136] _MPIUI_Memcpy.constprop.0
0x100094C40	0x00000450	[136] _MPIDI_GetIPInterface
0x100095090	0x00000295	[136] _MPIDI_Get_IP_for_iface
0x100095330	0x00000470	[137] _MPIOI_Type_cyclic
0x1000957A0	0x00000330	[137] _MPIOI_Type_block
0x100095AD0	0x00000816	[137] _MPID_Type_convert_darray
0x1000962F0	0x00000010	[138] _MPIUI_Memcpy
0x100096300	0x00000040	[138] _MPID_Dataloop_free
0x100096340	0x00000300	[138] _MPID_Dataloop_update
0x100096640	0x00000110	[138] _MPID_Dataloop_copy
0x100096750	0x00000340	[138] _MPID_Dataloop_alloc_and_copy
0x100096A90	0x00000010	[138] _MPID_Dataloop_alloc
0x100096AA0	0x00000110	[138] _MPID_Dataloop_struct_alloc
0x100096BB0	0x000000C0	[138] _MPID_Dataloop_dup
0x100096C70	0x00000180	[138] _MPID_Dataloop_stream_size
0x100096DF0	0x00000293	[138] _MPID_Dataloop_print
0x100097090	0x00000EE5	[139] _MPID_Dataloop_create
0x100097F80	0x00000090	[140] _MPID_Type_blockindexed_count_contig
0x100098010	0x000007B7	[140] _MPID_Dataloop_create_blockindexed
0x1000987D0	0x00000712	[141] _MPID_Dataloop_create_contiguous
0x100098EF0	0x00000150	[142] _MPID_Type_indexed_count_contig
0x100099040	0x00000A70	[142] _MPID_Dataloop_create_indexed
0x100099AB0	0x000001E4	[143] _MPID_Dataloop_create_pairtype
0x100099CA0	0x00000DAD	[144] _MPID_Dataloop_create_struct
0x10009AA50	0x0000063E	[145] _MPID_Dataloop_create_vector
0x10009B090	0x00000990	[146] _MPID_Segment_init
0x10009BA20	0x00000020	[146] _MPID_Segment_alloc
0x10009BA40	0x00000020	[146] _MPID_Segment_free
0x10009BA60	0x00000DBB	[146] _MPID_Segment_manipulate
0x10009C820	0x00000150	[147] _DLOOP_Leaf_index_count_block
0x10009C970	0x00000170	[147] _DLOOP_Leaf_blkidx_count_block
0x10009CAE0	0x00000140	[147] _DLOOP_Leaf_vector_count_block
0x10009CC20	0x00000100	[147] _DLOOP_Leaf_contig_count_block
0x10009CD20	0x0000005D	[147] _MPID_Segment_count_contig_blocks
0x10009CD80	0x00000210	[148] _DLOOP_Leaf_index_mpi_flatten
0x10009CF90	0x00000230	[148] _DLOOP_Leaf_blkidx_mpi_flatten
0x10009D1C0	0x000001E0	[148] _DLOOP_Leaf_vector_mpi_flatten
0x10009D3A0	0x00000140	[148] _DLOOP_Leaf_contig_mpi_flatten
0x10009D4E0	0x000000D4	[148] _MPID_Segment_mpi_flatten
0x10009D5C0	0x00000010	[149] _MPIUI_Memcpy
0x10009D5D0	0x00000BA0	[149] _MPID_Segment_index_m2m
0x10009E170	0x00000B40	[149] _MPID_Segment_blkidx_m2m
0x10009ECB0	0x00004F10	[149] _MPID_Segment_vector_m2m
0x1000A3BC0	0x000002D0	[149] _MPID_Segment_contig_m2m
0x1000A3E90	0x00000060	[149] _MPID_Segment_pack
0x1000A3EF0	0x00000056	[149] _MPID_Segment_unpack
0x1000A3F50	0x00000550	[150] _MPID_Type_convert_subarray
0x1000A44A0	0x00000180	[151] _MPID_Type_access_contents
0x1000A4620	0x00000002	[151] _MPID_Type_release_contents
0x1000A4630	0x00000010	[152] _MPIUI_Memcpy
0x1000A4640	0x000005A0	[152] _MPID_Datatype_set_contents
0x1000A4BE0	0x00000200	[152] _MPID_Datatype_free_contents
0x1000A4DE0	0x00000130	[152] _MPIDI_Datatype_get_contents_ints
0x1000A4F10	0x00000140	[152] _MPIDI_Datatype_get_contents_aints
0x1000A5050	0x0000010E	[152] _MPIDI_Datatype_get_contents_types
0x1000A5160	0x00000099	[153] _MPID_Datatype_free
0x1000A5200	0x000001B0	[154] _MPID_Segment_contig_flatten
0x1000A53B0	0x00000250	[154] _MPID_Segment_vector_flatten
0x1000A5600	0x000002F0	[154] _MPID_Segment_vector_pack_to_iov
0x1000A58F0	0x00000280	[154] _MPID_Segment_contig_pack_to_iov
0x1000A5B70	0x00000160	[154] _MPID_Segment_pack_vector
0x1000A5CD0	0x00000120	[154] _MPID_Segment_unpack_vector
0x1000A5DF0	0x00000184	[154] _MPID_Segment_flatten
0x1000A5F80	0x0000049C	[155] _MPID_Type_blockindexed
0x1000A6420	0x0000010F	[156] _MPID_Type_commit
0x1000A6530	0x000003C3	[157] _MPID_Type_contiguous
0x1000A6900	0x00000386	[158] _MPID_Type_create_pairtype
0x1000A6C90	0x000008D0	[159] _MPIDI_Dataloop_dot_printf
0x1000A7560	0x00000100	[159] _MPIDI_Datatype_dot_printf
0x1000A7660	0x00000290	[159] _MPIDU_Datatype_builtin_to_string
0x1000A78F0	0x00000120	[159] _MPIDU_Datatype_combiner_to_string
0x1000A7A10	0x000003A0	[159] _MPIDI_Datatype_printf
0x1000A7DB0	0x00001070	[159] _MPIDI_Datatype_contents_printf
0x1000A8E20	0x00000374	[159] _MPIDU_Datatype_debug
0x1000A91A0	0x0000010A	[160] _MPID_Type_get_envelope
0x1000A92B0	0x000005BD	[161] _MPID_Type_indexed
0x1000A9870	0x00000966	[162] _MPID_Type_struct
0x1000AA1E0	0x00000503	[163] _MPID_Type_vector
0x1000AA6F0	0x000001D1	[164] _MPID_Type_zerolen
0x1000AA8D0	0x00000950	[165] _MPIDU_Sched_start_entry.isra.0
0x1000AB220	0x00000130	[165] _MPIDU_Sched_continue
0x1000AB350	0x00000110	[165] _MPIDU_Sched_add_entry.constprop.2
0x1000AB460	0x00000C30	[165] _MPIDU_Sched_progress_state.constprop.1
0x1000AC090	0x00000010	[165] _MPIDU_Sched_are_pending
0x1000AC0A0	0x000000F0	[165] _MPID_Sched_next_tag
0x1000AC190	0x00000160	[165] _MPID_Sched_create
0x1000AC2F0	0x00000050	[165] _MPID_Sched_clone
0x1000AC340	0x000005D0	[165] _MPID_Sched_start
0x1000AC910	0x00000320	[165] _MPID_Sched_send
0x1000ACC30	0x00000320	[165] _MPID_Sched_ssend
0x1000ACF50	0x00000320	[165] _MPID_Sched_send_defer
0x1000AD270	0x00000360	[165] _MPID_Sched_recv_status
0x1000AD5D0	0x00000310	[165] _MPID_Sched_recv
0x1000AD8E0	0x00000380	[165] _MPID_Sched_reduce
0x1000ADC60	0x00000560	[165] _MPID_Sched_copy
0x1000AE1C0	0x00000020	[165] _MPID_Sched_barrier
0x1000AE1E0	0x000000A0	[165] _MPID_Sched_cb
0x1000AE280	0x000000B0	[165] _MPID_Sched_cb2
0x1000AE330	0x00000010	[165] _MPIDU_Sched_progress
0x1000AE340	0x000000A0	[165] _entry_to_str
0x1000AE3E0	0x00000010	[165] _MPIDU_Sched_dump_fh
0x1000AE3F0	0x00000002	[165] _MPIDU_Sched_dump
0x1000AE400	0x000002C0	[166] _MPIR_T_pvar_add
0x1000AE6C0	0x00000050	[166] _MPIR_T_get_num_pvars
0x1000AE710	0x000000C0	[166] _MPIR_T_get_pvar_info_by_idx
0x1000AE7D0	0x00000170	[166] _MPIR_T_finalize_pvars
0x1000AE940	0x000000B6	[166] _MPIU_Tool_strncpy
0x1000AEA00	0x00000020	[167] _PMIU_Set_rank
0x1000AEA20	0x00000020	[167] _PMIU_SetServer
0x1000AEA40	0x00000190	[167] _PMIU_printf
0x1000AEBD0	0x00000130	[167] _PMIU_readline
0x1000AED00	0x00000130	[167] _PMIU_writeline
0x1000AEE30	0x00000210	[167] _PMIU_parse_keyvals
0x1000AF040	0x00000060	[167] _PMIU_dump_keyvals
0x1000AF0A0	0x000000B0	[167] _PMIU_getval
0x1000AF150	0x000000A5	[167] _PMIU_chgval
0x1000AF200	0x000001C0	[168] _GetResponse.part.0
0x1000AF3C0	0x00000070	[168] _GetResponse
0x1000AF430	0x00000060	[168] _accept_one_connection
0x1000AF490	0x00000490	[168] _PMII_singinit
0x1000AF920	0x00000020	[168] _PMI_Initialized
0x1000AF940	0x00000030	[168] _PMI_Get_size
0x1000AF970	0x00000030	[168] _PMI_Get_rank
0x1000AF9A0	0x000000A0	[168] _PMI_Get_appnum
0x1000AFA40	0x00000030	[168] _PMI_Barrier
0x1000AFA70	0x00000050	[168] _PMI_Finalize
0x1000AFAC0	0x00000030	[168] _PMI_Abort
0x1000AFAF0	0x000002B0	[168] _PMII_getmaxes.constprop.3
0x1000AFDA0	0x000008E0	[168] _PMI_Init
0x1000B0680	0x000000A0	[168] _PMI_KVS_Get_my_name
0x1000B0720	0x00000020	[168] _PMI_KVS_Get_name_length_max
0x1000B0740	0x00000020	[168] _PMI_KVS_Get_key_length_max
0x1000B0760	0x00000020	[168] _PMI_KVS_Get_value_length_max
0x1000B0780	0x000000B0	[168] _PMI_KVS_Put
0x1000B0830	0x00000090	[168] _PMIi_InitIfSingleton
0x1000B08C0	0x000000B0	[168] _PMI_Get_universe_size
0x1000B0970	0x00000010	[168] _PMI_KVS_Commit
0x1000B0980	0x000000F0	[168] _PMI_KVS_Get
0x1000B0A70	0x000000D0	[168] _PMI_Publish_name
0x1000B0B40	0x000000B0	[168] _PMI_Unpublish_name
0x1000B0BF0	0x000000E0	[168] _PMI_Lookup_name
0x1000B0CD0	0x00000644	[168] _PMI_Spawn_multiple
0x1000B1320	0x00000210	[169] _MPIU_Thread_CS_exit_lockname_recursive_impl_.constprop.0
0x1000B1530	0x00000270	[169] _MPIU_Thread_CS_enter_lockname_recursive_impl_.constprop.1
0x1000B17A0	0x000001C0	[169] _MPIR_Comm_create_keyval_impl
0x1000B1960	0x0000026D	[169] _PMPI_Comm_create_keyval
0x1000B1BD0	0x00000210	[170] _MPIU_Thread_CS_exit_lockname_recursive_impl_.constprop.0
0x1000B1DE0	0x00000270	[170] _MPIU_Thread_CS_enter_lockname_recursive_impl_.constprop.1
0x1000B2050	0x00000160	[170] _MPIR_Comm_free_keyval_impl
0x1000B21B0	0x000003AA	[170] _PMPI_Comm_free_keyval
0x1000B2560	0x00000210	[171] _MPIU_Thread_CS_exit_lockname_recursive_impl_.constprop.0
0x1000B2770	0x00000270	[171] _MPIU_Thread_CS_enter_lockname_recursive_impl_.constprop.1
0x1000B29E0	0x00000650	[171] _MPIR_CommGetAttr
0x1000B3030	0x00000130	[171] _MPIR_CommGetAttr_fort
0x1000B3160	0x0000021D	[171] _PMPI_Comm_get_attr
0x1000B3380	0x00000210	[172] _MPIU_Thread_CS_exit_lockname_recursive_impl_.constprop.0
0x1000B3590	0x00000270	[172] _MPIU_Thread_CS_enter_lockname_recursive_impl_.constprop.1
0x1000B3800	0x00000250	[172] _MPIR_Comm_set_attr_impl
0x1000B3A50	0x00000560	[172] _MPIR_CommSetAttr
0x1000B3FB0	0x00000546	[172] _PMPI_Comm_set_attr
0x1000B4500	0x00000210	[173] _MPIU_Thread_CS_exit_lockname_recursive_impl_.constprop.0
0x1000B4710	0x00000270	[173] _MPIU_Thread_CS_enter_lockname_recursive_impl_.constprop.1
0x1000B4980	0x000010D0	[173] _MPIR_Allreduce_intra
0x1000B5A50	0x00000350	[173] _MPIR_Allreduce_inter
0x1000B5DA0	0x00000090	[173] _MPIR_Allreduce
0x1000B5E30	0x000000E0	[173] _MPIR_Allreduce_impl
0x1000B5F10	0x000009B6	[173] _PMPI_Allreduce
0x1000B68D0	0x00000210	[174] _MPIU_Thread_CS_exit_lockname_recursive_impl_.constprop.0
0x1000B6AE0	0x00000270	[174] _MPIU_Thread_CS_enter_lockname_recursive_impl_.constprop.1
0x1000B6D50	0x00000160	[174] _MPIR_Barrier_intra
0x1000B6EB0	0x000000A0	[174] _MPIR_Barrier_or_coll_fn
0x1000B6F50	0x00000350	[174] _MPIR_Barrier_inter
0x1000B72A0	0x00000080	[174] _MPIR_Barrier
0x1000B7320	0x00000110	[174] _MPIR_Barrier_impl
0x1000B7430	0x000003B3	[174] _PMPI_Barrier
0x1000B77F0	0x00000210	[175] _MPIU_Thread_CS_exit_lockname_recursive_impl_.constprop.0
0x1000B7A00	0x00000270	[175] _MPIU_Thread_CS_enter_lockname_recursive_impl_.constprop.1
0x1000B7C70	0x00000080	[175] _MPIR_Op_set_cxx
0x1000B7CF0	0x00000320	[175] _PMPI_Op_create
0x1000B8010	0x00000320	[176] _scatter_for_bcast.isra.0
0x1000B8330	0x00000210	[176] _MPIU_Thread_CS_exit_lockname_recursive_impl_.constprop.2
0x1000B8540	0x00000270	[176] _MPIU_Thread_CS_enter_lockname_recursive_impl_.constprop.3
0x1000B87B0	0x00001B20	[176] _MPIR_Bcast_intra
0x1000BA2D0	0x00000320	[176] _MPIR_Bcast_inter
0x1000BA5F0	0x000000D0	[176] _MPIR_Bcast_impl
0x1000BA6C0	0x00000080	[176] _MPIR_Bcast
0x1000BA740	0x0000074B	[176] _PMPI_Bcast
0x1000BAE90	0x00000210	[177] _MPIU_Thread_CS_exit_lockname_recursive_impl_.constprop.0
0x1000BB0A0	0x00000270	[177] _MPIU_Thread_CS_enter_lockname_recursive_impl_.constprop.1
0x1000BB310	0x000012C0	[177] _MPIR_Alltoall_intra
0x1000BC5D0	0x00000320	[177] _MPIR_Alltoall_inter
0x1000BC8F0	0x00000090	[177] _MPIR_Alltoall
0x1000BC980	0x000000B0	[177] _MPIR_Alltoall_impl
0x1000BCA30	0x00000A56	[177] _PMPI_Alltoall
0x1000BD490	0x00000210	[178] _MPIU_Thread_CS_exit_lockname_recursive_impl_.constprop.0
0x1000BD6A0	0x00000270	[178] _MPIU_Thread_CS_enter_lockname_recursive_impl_.constprop.1
0x1000BD910	0x00000AB0	[178] _MPIR_Alltoallv_intra
0x1000BE3C0	0x00000370	[178] _MPIR_Alltoallv_inter
0x1000BE730	0x000000B0	[178] _MPIR_Alltoallv
0x1000BE7E0	0x000000D0	[178] _MPIR_Alltoallv_impl
0x1000BE8B0	0x00000D58	[178] _PMPI_Alltoallv
0x1000BF610	0x00000210	[179] _MPIU_Thread_CS_exit_lockname_recursive_impl_.constprop.2
0x1000BF820	0x00000270	[179] _MPIU_Thread_CS_enter_lockname_recursive_impl_.constprop.3
0x1000BFA90	0x00001AA0	[179] _MPIR_Reduce_intra
0x1000C1530	0x000004D0	[179] _MPIR_Reduce_inter
0x1000C1A00	0x00000090	[179] _MPIR_Reduce
0x1000C1A90	0x000000F0	[179] _MPIR_Reduce_impl
0x1000C1B80	0x00000F19	[179] _PMPI_Reduce
0x1000C2AA0	0x00000210	[180] _MPIU_Thread_CS_exit_lockname_recursive_impl_.constprop.0
0x1000C2CB0	0x00000270	[180] _MPIU_Thread_CS_enter_lockname_recursive_impl_.constprop.1
0x1000C2F20	0x00000B30	[180] _MPIR_Scatter_intra
0x1000C3A50	0x000000D0	[180] _MPIR_Scatter_impl
0x1000C3B20	0x000007E0	[180] _MPIR_Scatter_inter
0x1000C4300	0x000000A0	[180] _MPIR_Scatter
0x1000C43A0	0x00001039	[180] _PMPI_Scatter
0x1000C53E0	0x00000210	[181] _MPIU_Thread_CS_exit_lockname_recursive_impl_.constprop.0
0x1000C55F0	0x00000270	[181] _MPIU_Thread_CS_enter_lockname_recursive_impl_.constprop.1
0x1000C5860	0x00000E00	[181] _MPIR_Gather_intra
0x1000C6660	0x000000D0	[181] _MPIR_Gather_impl
0x1000C6730	0x000007F0	[181] _MPIR_Gather_inter
0x1000C6F20	0x000000A0	[181] _MPIR_Gather
0x1000C6FC0	0x00001020	[181] _PMPI_Gather
0x1000C7FE0	0x00000210	[182] _MPIU_Thread_CS_exit_lockname_recursive_impl_.constprop.0
0x1000C81F0	0x00000270	[182] _MPIU_Thread_CS_enter_lockname_recursive_impl_.constprop.1
0x1000C8460	0x00000DC0	[182] _MPIR_Allgather_intra
0x1000C9220	0x000005C0	[182] _MPIR_Allgather_inter
0x1000C97E0	0x00000090	[182] _MPIR_Allgather
0x1000C9870	0x000000B0	[182] _MPIR_Allgather_impl
0x1000C9920	0x00000A70	[182] _PMPI_Allgather
0x1000CA390	0x00000210	[183] _MPIU_Thread_CS_exit_lockname_recursive_impl_.constprop.0
0x1000CA5A0	0x00000270	[183] _MPIU_Thread_CS_enter_lockname_recursive_impl_.constprop.1
0x1000CA810	0x00000140	[183] _MPIR_Reduce_local_impl
0x1000CA950	0x000003BF	[183] _PMPI_Reduce_local
0x1000CAD10	0x00000210	[184] _MPIU_Thread_CS_exit_lockname_recursive_impl_.constprop.1
0x1000CAF20	0x00000270	[184] _MPIU_Thread_CS_enter_lockname_recursive_impl_.constprop.2
0x1000CB190	0x000025F0	[184] _MPIR_Reduce_scatter_block_intra
0x1000CD780	0x000004E0	[184] _MPIR_Reduce_scatter_block_inter
0x1000CDC60	0x00000090	[184] _MPIR_Reduce_scatter_block
0x1000CDCF0	0x000000F0	[184] _MPIR_Reduce_scatter_block_impl
0x1000CDDE0	0x00000947	[184] _PMPI_Reduce_scatter_block
0x1000CE730	0x00000130	[185] _dtp_release_ref
0x1000CE860	0x00000020	[185] _get_count
0x1000CE880	0x00000210	[185] _MPIU_Thread_CS_exit_lockname_recursive_impl_.constprop.0
0x1000CEA90	0x00000270	[185] _MPIU_Thread_CS_enter_lockname_recursive_impl_.constprop.1
0x1000CED00	0x00000830	[185] _MPIR_Iallgather_rec_dbl
0x1000CF530	0x00000690	[185] _MPIR_Iallgather_bruck
0x1000CFBC0	0x000002E0	[185] _MPIR_Iallgather_ring
0x1000CFEA0	0x00000230	[185] _MPIR_Iallgather_intra
0x1000D00D0	0x00000620	[185] _MPIR_Iallgather_inter
0x1000D06F0	0x00000230	[185] _MPIR_Iallgather_impl
0x1000D0920	0x00000891	[185] _PMPIX_Iallgather
0x1000D11C0	0x00000210	[186] _MPIU_Thread_CS_exit_lockname_recursive_impl_.constprop.0
0x1000D13D0	0x00000270	[186] _MPIU_Thread_CS_enter_lockname_recursive_impl_.constprop.1
0x1000D1640	0x000009A0	[186] _MPIR_Iallgatherv_rec_dbl
0x1000D1FE0	0x000007D0	[186] _MPIR_Iallgatherv_bruck
0x1000D27B0	0x000004B0	[186] _MPIR_Iallgatherv_ring
0x1000D2C60	0x00000230	[186] _MPIR_Iallgatherv_intra
0x1000D2E90	0x00000470	[186] _MPIR_Iallgatherv_inter
0x1000D3300	0x00000250	[186] _MPIR_Iallgatherv_impl
0x1000D3550	0x000008EA	[186] _PMPIX_Iallgatherv
0x1000D3E40	0x00000210	[187] _MPIU_Thread_CS_exit_lockname_recursive_impl_.constprop.0
0x1000D4050	0x00000270	[187] _MPIU_Thread_CS_enter_lockname_recursive_impl_.constprop.1
0x1000D42C0	0x00000180	[187] _MPIR_Iallreduce_naive
0x1000D4440	0x00000FB0	[187] _MPIR_Iallreduce_redscat_allgather
0x1000D53F0	0x000008C0	[187] _MPIR_Iallreduce_rec_dbl
0x1000D5CB0	0x00000230	[187] _MPIR_Iallreduce_intra
0x1000D5EE0	0x00000310	[187] _MPIR_Iallreduce_inter
0x1000D61F0	0x00000540	[187] _MPIR_Iallreduce_SMP
0x1000D6730	0x00000210	[187] _MPIR_Iallreduce_impl
0x1000D6940	0x00000925	[187] _PMPIX_Iallreduce
0x1000D7270	0x00000210	[188] _MPIU_Thread_CS_exit_lockname_recursive_impl_.constprop.0
0x1000D7480	0x00000270	[188] _MPIU_Thread_CS_enter_lockname_recursive_impl_.constprop.1
0x1000D76F0	0x000004B0	[188] _MPIR_Ialltoall_inplace
0x1000D7BA0	0x00000AD0	[188] _MPIR_Ialltoall_bruck
0x1000D8670	0x00000350	[188] _MPIR_Ialltoall_perm_sr
0x1000D89C0	0x00000380	[188] _MPIR_Ialltoall_pairwise
0x1000D8D40	0x00000240	[188] _MPIR_Ialltoall_intra
0x1000D8F80	0x000002E0	[188] _MPIR_Ialltoall_inter
0x1000D9260	0x00000230	[188] _MPIR_Ialltoall_impl
0x1000D9490	0x00000860	[188] _PMPIX_Ialltoall
0x1000D9CF0	0x00000210	[189] _MPIU_Thread_CS_exit_lockname_recursive_impl_.constprop.0
0x1000D9F00	0x00000270	[189] _MPIU_Thread_CS_enter_lockname_recursive_impl_.constprop.1
0x1000DA170	0x000008D0	[189] _MPIR_Ialltoallv_intra
0x1000DAA40	0x00000490	[189] _MPIR_Ialltoallv_inter
0x1000DAED0	0x00000260	[189] _MPIR_Ialltoallv_impl
0x1000DB130	0x00000991	[189] _PMPIX_Ialltoallv
0x1000DBAD0	0x00000210	[190] _MPIU_Thread_CS_exit_lockname_recursive_impl_.constprop.0
0x1000DBCE0	0x00000270	[190] _MPIU_Thread_CS_enter_lockname_recursive_impl_.constprop.1
0x1000DBF50	0x00000800	[190] _MPIR_Ialltoallw_intra
0x1000DC750	0x00000230	[190] _MPIR_Ialltoallw_inter
0x1000DC980	0x00000260	[190] _MPIR_Ialltoallw_impl
0x1000DCBE0	0x000006DA	[190] _PMPIX_Ialltoallw
0x1000DD2C0	0x00000210	[191] _MPIU_Thread_CS_exit_lockname_recursive_impl_.constprop.0
0x1000DD4D0	0x00000270	[191] _MPIU_Thread_CS_enter_lockname_recursive_impl_.constprop.1
0x1000DD740	0x00000170	[191] _MPIR_Ibarrier_intra
0x1000DD8B0	0x00000460	[191] _MPIR_Ibarrier_inter
0x1000DDD10	0x000001A0	[191] _MPIR_Ibarrier_impl
0x1000DDEB0	0x00000425	[191] _PMPIX_Ibarrier
0x1000DE2E0	0x00000210	[192] _MPIU_Thread_CS_exit_lockname_recursive_impl_.constprop.0
0x1000DE4F0	0x00000270	[192] _MPIU_Thread_CS_enter_lockname_recursive_impl_.constprop.1
0x1000DE760	0x00000630	[192] _MPIR_Ibcast_binomial
0x1000DED90	0x00000230	[192] _MPIR_Iscatter_for_bcast
0x1000DEFC0	0x00000860	[192] _MPIR_Ibcast_scatter_rec_dbl_allgather
0x1000DF820	0x00000610	[192] _MPIR_Ibcast_scatter_ring_allgather
0x1000DFE30	0x000003A0	[192] _MPIR_Ibcast_SMP
0x1000E01D0	0x00000220	[192] _MPIR_Ibcast_intra
0x1000E03F0	0x00000230	[192] _MPIR_Ibcast_inter
0x1000E0620	0x00000200	[192] _MPIR_Ibcast_impl
0x1000E0820	0x0000062A	[192] _PMPIX_Ibcast
0x1000E0E50	0x00000210	[193] _MPIU_Thread_CS_exit_lockname_recursive_impl_.constprop.0
0x1000E1060	0x00000270	[193] _MPIU_Thread_CS_enter_lockname_recursive_impl_.constprop.1
0x1000E12D0	0x00000820	[193] _MPIR_Iexscan
0x1000E1AF0	0x00000210	[193] _MPIR_Iexscan_impl
0x1000E1D00	0x000007F3	[193] _PMPIX_Iexscan
0x1000E2500	0x00000210	[194] _MPIU_Thread_CS_exit_lockname_recursive_impl_.constprop.0
0x1000E2710	0x00000270	[194] _MPIU_Thread_CS_enter_lockname_recursive_impl_.constprop.1
0x1000E2980	0x00000DD0	[194] _MPIR_Igather_binomial
0x1000E3750	0x00000070	[194] _MPIR_Igather_intra
0x1000E37C0	0x00000740	[194] _MPIR_Igather_inter
0x1000E3F00	0x00000250	[194] _MPIR_Igather_impl
0x1000E4150	0x00001055	[194] _PMPIX_Igather
0x1000E51B0	0x00000210	[195] _MPIU_Thread_CS_exit_lockname_recursive_impl_.constprop.0
0x1000E53C0	0x00000270	[195] _MPIU_Thread_CS_enter_lockname_recursive_impl_.constprop.1
0x1000E5630	0x00000310	[195] _MPIR_Igatherv
0x1000E5940	0x00000250	[195] _MPIR_Igatherv_impl
0x1000E5B90	0x00001314	[195] _PMPIX_Igatherv
0x1000E6EB0	0x00000210	[196] _MPIU_Thread_CS_exit_lockname_recursive_impl_.constprop.0
[...]
0x100179660	0x00000018	[ 48] _mpi_pairtypes
0x100179680	0x00000038	[ 49] _MPID_Errhandler_mem
0x1001796C0	0x00000038	[ 50] _MPID_Group_mem
0x100179700	0x00000038	[ 53] _MPID_Win_mem
0x100179738	0x00000008	[ 55] _initTick.16430
0x100179740	0x00000008	[ 55] _tickval.16431
0x100179748	0x00000004	[ 56] _MPIR_Topology_keyval
0x10017974C	0x00000004	[ 56] _unweighted_dummy
0x100179760	0x00000004	[ 57] _MPIU_DBG_MaxLevel
0x100179764	0x00000004	[ 57] _MPIU_dbg_state
0x100179768	0x00000004	[ 57] _dbg_rank
0x10017976C	0x00000004	[ 57] _worldRank
0x100179770	0x00000008	[ 57] _filePattern
0x100179778	0x0000000C	[ 57] _worldNumAsChar.16601
0x100179784	0x0000001C	[ 57] _resetTimeOrigin
0x1001797A0	0x00000020	[ 57] _MPIU_Levelname
0x1001797C0	0x00000020	[ 57] _whichRank
0x1001797E0	0x00000020	[ 57] _MPIU_LCLevelname
0x100179800	0x00000038	[ 59] _MPID_Info_mem
0x100179840	0x00000004	[ 68] _MPIR_PARAM_CTXID_EAGER_SIZE
0x100179844	0x00000004	[ 68] _MPIR_PARAM_COMM_OVERRIDES
0x100179848	0x00000004	[ 68] _MPIR_PARAM_SHM_READY_EAGER_MAX_SZ
0x10017984C	0x00000004	[ 68] _MPIR_PARAM_SHM_EAGER_MAX_SZ
0x100179850	0x00000004	[ 68] _MPIR_PARAM_HOST_LOOKUP_RETRIES
0x100179854	0x00000004	[ 68] _MPIR_PARAM_NEM_LMT_DMA_THRESHOLD
0x100179858	0x00000004	[ 68] _MPIR_PARAM_PRINT_ERROR_STACK
0x10017985C	0x00000004	[ 68] _MPIR_PARAM_ERROR_CHECKING
0x100179860	0x00000004	[ 68] _MPIR_PARAM_PROCTABLE_PRINT
0x100179864	0x00000004	[ 68] _MPIR_PARAM_PROCTABLE_SIZE
0x100179868	0x00000004	[ 68] _MPIR_PARAM_MEMDUMP
0x10017986C	0x00000004	[ 68] _MPIR_PARAM_POLLS_BEFORE_YIELD
0x100179870	0x00000004	[ 68] _MPIR_PARAM_RMA_NREQUEST_NEW_THRESHOLD
0x100179874	0x00000004	[ 68] _MPIR_PARAM_RMA_NREQUEST_THRESHOLD
0x100179878	0x00000004	[ 68] _MPIR_PARAM_RMA_ACC_IMMED
0x10017987C	0x00000004	[ 68] _MPIR_PARAM_COMM_SPLIT_USE_QSORT
0x100179880	0x00000004	[ 68] _MPIR_PARAM_ALLGATHERV_PIPELINE_MSG_SIZE
0x100179884	0x00000004	[ 68] _MPIR_PARAM_SCATTER_INTER_SHORT_MSG_SIZE
0x100179888	0x00000004	[ 68] _MPIR_PARAM_GATHERV_INTER_SSEND_MIN_PROCS
0x10017988C	0x00000004	[ 68] _MPIR_PARAM_GATHER_INTER_SHORT_MSG_SIZE
0x100179890	0x00000004	[ 68] _MPIR_PARAM_GATHER_VSMALL_MSG_SIZE
0x100179894	0x00000004	[ 68] _MPIR_PARAM_ALLREDUCE_SHORT_MSG_SIZE
0x100179898	0x00000004	[ 68] _MPIR_PARAM_REDUCE_SHORT_MSG_SIZE
0x10017989C	0x00000004	[ 68] _MPIR_PARAM_ALLGATHER_LONG_MSG_SIZE
0x1001798A0	0x00000004	[ 68] _MPIR_PARAM_ALLGATHER_SHORT_MSG_SIZE
0x1001798A4	0x00000004	[ 68] _MPIR_PARAM_BCAST_LONG_MSG_SIZE
0x1001798A8	0x00000004	[ 68] _MPIR_PARAM_BCAST_SHORT_MSG_SIZE
0x1001798AC	0x00000004	[ 68] _MPIR_PARAM_BCAST_MIN_PROCS
0x1001798B0	0x00000004	[ 68] _MPIR_PARAM_REDSCAT_COMMUTATIVE_LONG_MSG_SIZE
0x1001798B4	0x00000004	[ 68] _MPIR_PARAM_ALLTOALL_THROTTLE
0x1001798B8	0x00000004	[ 68] _MPIR_PARAM_ALLTOALL_MEDIUM_MSG_SIZE
0x1001798BC	0x00000004	[ 68] _MPIR_PARAM_ALLTOALL_SHORT_MSG_SIZE
0x1001798C0	0x00000AC0	[ 68] _MPIR_Param_params
0x10017A380	0x00000150	[ 68] _MPIR_Param_categories
0x10017A4D0	0x00000004	[ 76] _needsInit.17558
0x10017A4E0	0x00000038	[ 81] _MPID_Request_mem
0x10017A518	0x00000004	[ 94] _processorNameLen
0x10017A520	0x00000008	[ 95] _comm_fns
0x10017A540	0x00000020	[ 99] _setupPortFunctions
0x10017A560	0x00000020	[ 99] _portFns
0x10017A580	0x00000100	[104] _MPIU_hostname
0x10017A680	0x00000004	[105] _initRMAoptions
0x10017A684	0x00000004	[110] _MPIDI_CH3I_my_rank
0x10017A6A0	0x00000100	[121] _MPID_nem_hostname
0x10017A7A0	0x00000004	[126] _MPID_nem_netmod_id
0x10017A7C0	0x00000040	[130] _MPID_nem_netmod_strings
0x10017A800	0x00000008	[130] _MPID_nem_netmod_funcs
0x10017A808	0x00000004	[130] _MPID_nem_num_netmods
0x10017A820	0x00000050	[132] _MPIDI_nem_tcp_funcs
0x10017A870	0x00000004	[135] _g_tbl_capacity
0x10017A874	0x00000004	[135] _MPID_nem_tcp_skip_polls
0x10017A880	0x00000010	[159] _t_char.16514
0x10017A890	0x00000020	[159] _t_uchar.16515
0x10017A8B0	0x00000010	[159] _t_schar.16530
0x10017A8C0	0x00000009	[159] _t_byte.16516
0x10017A8C9	0x0000000A	[159] _t_wchar_t.16517
0x10017A8D3	0x0000000D	[159] _t_short.16518
0x10017A8E0	0x00000013	[159] _t_ushort.16519
0x10017A8F3	0x00000008	[159] _t_int.16520
0x10017A8FB	0x0000000D	[159] _t_uint.16521
0x10017A908	0x00000018	[159] _t_long.16522
0x10017A920	0x00000012	[159] _t_ulong.16523
0x10017A932	0x0000000A	[159] _t_float.16524
0x10017A93C	0x00000014	[159] _t_double.16525
0x10017A950	0x00000010	[159] _t_longdouble.16526
0x10017A960	0x00000020	[159] _t_longlongint.16527
0x10017A980	0x00000017	[159] _t_ulonglong.16529
0x10017A997	0x0000000B	[159] _t_packed.16531
0x10017A9A2	0x00000007	[159] _t_lb.16532
0x10017A9A9	0x00000007	[159] _t_ub.16533
0x10017A9B0	0x0000000E	[159] _t_floatint.16534
0x10017A9BE	0x0000000F	[159] _t_doubleint.16535
0x10017A9CD	0x0000000D	[159] _t_longint.16536
0x10017A9DA	0x0000000E	[159] _t_shortint.16537
0x10017A9E8	0x00000018	[159] _t_2int.16538
0x10017AA00	0x00000014	[159] _t_longdoubleint.16539
0x10017AA14	0x0000000C	[159] _t_complex.16540
0x10017AA20	0x00000013	[159] _t_doublecomplex.16541
0x10017AA33	0x0000000C	[159] _t_logical.16542
0x10017AA3F	0x00000011	[159] _t_real.16543
0x10017AA50	0x00000015	[159] _t_doubleprecision.16544
0x10017AA65	0x0000000C	[159] _t_integer.16545
0x10017AA71	0x0000000D	[159] _t_2integer.16546
0x10017AA7E	0x00000012	[159] _t_2real.16547
0x10017AA90	0x00000016	[159] _t_2doubleprecision.16548
0x10017AAA6	0x0000000E	[159] _t_character.16549
0x10017AAB4	0x00000006	[159] _c_named.16553
0x10017AABA	0x00000007	[159] _c_contig.16554
0x10017AAC1	0x00000007	[159] _c_vector.16555
0x10017AAC8	0x00000008	[159] _c_hvector.16556
0x10017AAD0	0x00000008	[159] _c_indexed.16557
0x10017AAD8	0x00000009	[159] _c_hindexed.16558
0x10017AAE1	0x00000007	[159] _c_struct.16559
0x10017AAE8	0x00000008	[159] _c_dup.16560
0x10017AAF0	0x00000010	[159] _c_hvector_integer.16561
0x10017AB00	0x00000011	[159] _c_hindexed_integer.16562
0x10017AB11	0x0000000E	[159] _c_indexed_block.16563
0x10017AB1F	0x0000000F	[159] _c_hindexed_block.16564
0x10017AB2E	0x0000000F	[159] _c_struct_integer.16565
0x10017AB3D	0x00000009	[159] _c_subarray.16566
0x10017AB46	0x00000007	[159] _c_darray.16567
0x10017AB4D	0x00000009	[159] _c_f90_real.16568
0x10017AB56	0x0000000C	[159] _c_f90_complex.16569
0x10017AB62	0x0000000C	[159] _c_f90_integer.16570
0x10017AB6E	0x00000008	[159] _c_resized.16571
0x10017AB76	0x00000003	[159] _d1.16591
0x10017AB79	0x00000005	[159] _d2.16592
0x10017AB7E	0x00000007	[159] _d3.16593
0x10017AB85	0x00000009	[159] _d4.16594
0x10017AB8E	0x0000000B	[159] _d5.16595
0x10017ABA0	0x00000020	[167] _PMIU_print_id
0x10017ABC0	0x00000004	[167] _lastfd.4099
0x10017ABC4	0x00000004	[168] _PMI_fd
0x10017ABC8	0x00000004	[168] _PMI_size
0x10017ABCC	0x00000004	[168] _firstcall.9189
0x10017ABE0	0x00000080	[173] _MPIR_Op_check_dtype_table
0x10017AC60	0x00000070	[173] _MPIR_Op_table
0x10017ACE0	0x00000038	[175] _MPID_Op_mem
0x10017AD20	0x00000020	[227] ___emutls_v.MPIR_Thread
0x10017AD40	0x00000004	[252] _MPIR_F_NeedInit
0x10017AD50	0x00000004	[255] _world_rank
0x10017AD54	0x00000001	[255] _TRDefaultByte
0x10017AD55	0x0000000B	[255] _TRFreedByte
0x10017AD60	0x00000010	[255] _hex.3617
0x10017AD80	0x000066C0	[ 49] _generic_err_msgs
0x100181440	0x00004940	[ 49] _specific_err_msgs
0x100185D80	0x00000008	[ 50] _MPID_Group_empty
0x100185D88	0x00000008	[ 56] _MPI_UNWEIGHTED
0x100185DA0	0x000002A0	[ 57] _MPIU_Classnames
0x100186040	0x00000050	[135] _CONN_STATE_STR
0x100186090	0x00000010	[135] _LISTEN_STATE_STR
0x1001860A0	0x00000010	[135] _CONN_TYPE_STR
0x1001860B0	0x00000002	[104] _g_num_nodes
0x1001860B2	0x00000001	[159] _d0.16590
0x1001860B8	0x00000008	[ 47] _ic_default_collops
0x1001860C0	0x00000008	[ 51] _progress_comm_ptr
0x1001860C8	0x00000008	[ 51] _progress_thread_id
0x1001860D0	0x00000008	[ 55] _MPIR_Wtime_mult
0x1001860D8	0x00000008	[ 57] _dbg_memlog
0x1001860E0	0x00000008	[ 57] _timeOrigin
0x1001860E8	0x00000008	[ 57] _static_dbg_fp
0x1001860F0	0x00000008	[ 57] _dbg_tls_key
0x1001860F8	0x00000008	[ 60] _instrHead
0x100186100	0x00000008	[ 60] _instrTail
0x100186108	0x00000008	[ 73] _comm_list
0x100186110	0x00000008	[ 73] _create_hooks
0x100186118	0x00000008	[ 73] _destroy_hooks
0x100186120	0x00000008	[ 74] _parent_port_name
0x100186128	0x00000008	[ 79] _acceptq_head
0x100186130	0x00000008	[ 80] _posted_recvq_match_attempts
0x100186138	0x00000008	[ 80] _unexpected_recvq_match_attempts
0x100186140	0x00000008	[ 80] _recvq_unexpected_head
0x100186148	0x00000008	[ 80] _recvq_unexpected_tail
0x100186150	0x00000008	[ 80] _recvq_posted_tail
0x100186158	0x00000008	[ 80] _recvq_posted_head
0x100186160	0x00000008	[ 85] _list_complete
0x100186168	0x00000008	[ 85] _list_block
0x100186170	0x00000008	[107] _MPIDI_PG_Compare_ids_fn
0x100186178	0x00000008	[107] _MPIDI_PG_Destroy_fn
0x100186180	0x00000008	[107] _pg_world
0x100186188	0x00000008	[107] _MPIDI_PG_list
0x100186190	0x00000008	[107] _MPIDI_PG_iterator_next
0x100186198	0x00000008	[110] _initcomp_cb_stack
0x1001861A0	0x00000008	[115] _prev_sighandler
0x1001861A8	0x00000008	[115] _qn_head
0x1001861B0	0x00000008	[120] _segment_len
0x1001861B8	0x00000008	[120] _asym_check_region_p
0x1001861C0	0x00000008	[129] _lmt_shm_progress_q
0x1001861C8	0x00000008	[132] _pkt_handlers
0x1001861D0	0x00000008	[133] _free_buffers
0x1001861D8	0x00000008	[135] _dummy_vc_area
0x1001861E0	0x00000008	[135] _g_sc_tbl
0x1001861E8	0x00000008	[135] _recv_buf
0x1001861F0	0x00000008	[166] _all_pvars
0x1001861F8	0x00000008	[167] _logfile.4088
0x100186200	0x00000008	[167] _nextChar.4097
0x100186208	0x00000008	[167] _lastChar.4098
0x100186210	0x00000008	[255] _allocated
0x100186218	0x00000008	[255] _frags
0x100186220	0x00000008	[255] _TRhead
0x100186228	0x00000008	[255] _TRMaxMem
0x100186230	0x00000008	[255] _TRMaxMemId
0x100186238	0x00000008	[255] _TRMaxMemAllow
0x100186240	0x00000700	[ 29] _MPID_Attr_direct
0x100186940	0x00000680	[ 29] _MPID_Keyval_direct
0x100186FC0	0x00000B00	[ 47] _MPID_Comm_direct
0x100187AC0	0x00000420	[ 47] _MPID_Comm_builtin
0x100187EE0	0x00000900	[ 48] _MPID_Datatype_direct
0x1001887E0	0x00004DA0	[ 48] _MPID_Datatype_builtin
0x10018D580	0x000000C0	[ 49] _MPID_Errhandler_direct
0x10018D640	0x00000048	[ 49] _MPID_Errhandler_builtin
0x10018D6A0	0x00000140	[ 50] _MPID_Group_direct
0x10018D7E0	0x00000028	[ 50] _MPID_Group_builtin
0x10018D820	0x00001340	[ 53] _MPID_Win_direct
0x10018EB60	0x00000100	[ 59] _MPID_Info_direct
0x10018EC60	0x00001600	[ 81] _MPID_Request_direct
0x100190260	0x00000060	[ 85] _MPIU_INSTR_HANDLE_rmapkt_fop
0x1001902C0	0x00000060	[ 85] _MPIU_INSTR_HANDLE_rmapkt_cas
0x100190320	0x00000060	[ 85] _MPIU_INSTR_HANDLE_rmapkt_acc_immed_op
0x100190380	0x00000060	[ 85] _MPIU_INSTR_HANDLE_rmapkt_acc_immed
0x1001903E0	0x00000060	[ 85] _MPIU_INSTR_HANDLE_rmapkt_acc_predef
0x100190440	0x00000060	[ 85] _MPIU_INSTR_HANDLE_rmapkt_acc
0x1001904A0	0x00000060	[ 85] _MPIU_INSTR_HANDLE_lockqueue_alloc
0x100190500	0x00000060	[ 85] _MPIU_INSTR_HANDLE_winunlock_block
0x100190560	0x00000060	[ 85] _MPIU_INSTR_HANDLE_winunlock_complete
0x1001905C0	0x00000060	[ 85] _MPIU_INSTR_HANDLE_winunlock_issue
0x100190620	0x00000060	[ 85] _MPIU_INSTR_HANDLE_winunlock_getlock
0x100190680	0x00000060	[ 85] _MPIU_INSTR_HANDLE_winlock_getlocallock
0x1001906E0	0x00000060	[ 85] _MPIU_INSTR_HANDLE_winwait_wait
0x100190740	0x00000060	[ 85] _MPIU_INSTR_HANDLE_wincomplete_block
0x1001907A0	0x00000060	[ 85] _MPIU_INSTR_HANDLE_wincomplete_recvsync
0x100190800	0x00000060	[ 85] _MPIU_INSTR_HANDLE_wincomplete_complete
0x100190860	0x00000060	[ 85] _MPIU_INSTR_HANDLE_wincomplete_issue
0x1001908C0	0x00000060	[ 85] _MPIU_INSTR_HANDLE_winstart_clearlock
0x100190920	0x00000060	[ 85] _MPIU_INSTR_HANDLE_winpost_sendsync
0x100190980	0x00000060	[ 85] _MPIU_INSTR_HANDLE_winpost_clearlock
0x1001909E0	0x00000040	[ 85] _MPIU_INSTR_HANDLE_wincomplete_reqs
0x100190A20	0x00000040	[ 85] _MPIU_INSTR_HANDLE_winunlock_reqs
0x100190A60	0x00000040	[ 85] _MPIU_INSTR_HANDLE_winfence_reqs
0x100190AA0	0x00000060	[ 85] _MPIU_INSTR_HANDLE_winfence_block
0x100190B00	0x00000060	[ 85] _MPIU_INSTR_HANDLE_winfence_wait
0x100190B60	0x00000060	[ 85] _MPIU_INSTR_HANDLE_winfence_complete
0x100190BC0	0x00000060	[ 85] _MPIU_INSTR_HANDLE_winfence_issue
0x100190C20	0x00000060	[ 85] _MPIU_INSTR_HANDLE_winfence_rs
0x100190C80	0x00000060	[ 85] _MPIU_INSTR_HANDLE_winfence_clearlock
0x100190CE0	0x00000020	[ 95] _MPIDI_CH3U_Win_fns
0x100190D00	0x00000060	[105] _MPIU_INSTR_HANDLE_rmaqueue_set
0x100190D60	0x00000060	[105] _MPIU_INSTR_HANDLE_rmaqueue_alloc
0x100190DC0	0x00000060	[105] _MPIU_INSTR_HANDLE_winfree_complete
0x100190E20	0x00000060	[105] _MPIU_INSTR_HANDLE_winfree_rs
0x100190E80	0x00000060	[105] _MPIU_INSTR_HANDLE_wincreate_allgather
0x100190EE0	0x000001B8	[121] _MPID_nem_mem_region
0x1001910A0	0x00000038	[135] _MPID_nem_tcp_g_lstn_sc
0x1001910E0	0x00000180	[175] _MPID_Op_direct
0x100191260	0x00000168	[175] _MPID_Op_builtin
0x1001913E0	0x00000140	[227] _MPIR_ThreadInfo
0x100191520	0x00000078	[227] _MPIR_Process
0x1001915A0	0x00000058	[ 10] _Agv_parms
0x100191600	0x00000400	[ 12] _message.2305
0x100191A00	0x00000020	[ 47] _default_collops
0x100191A20	0x00000100	[ 47] _context_mask
0x100191B20	0x00000201	[ 47] _bufstr.16514
0x100191D40	0x00000040	[ 49] _error_ring_mutex
0x100191D80	0x0000AA00	[ 49] _ErrorRing
0x10019C780	0x00000040	[ 49] _default_str.19473
0x10019C7C0	0x00000100	[ 49] _str.19457
0x10019C8C0	0x00000040	[ 49] _default_str.19464
0x10019C900	0x00000040	[ 51] _progress_cond
0x10019C940	0x00000040	[ 51] _progress_mutex
0x10019C980	0x00000400	[ 57] _temp_filename
0x10019CD80	0x00000400	[ 57] _filePatternBuf
0x10019D180	0x000000E8	[ 76] _pktArray.17557
0x10019D280	0x00000080	[ 94] _processorName
0x10019D300	0x00000100	[ 99] _port_name_tag_mask
0x10019D400	0x00000100	[108] _pktmsg.17506
0x10019D500	0x00000140	[115] _pktArray
0x10019D640	0x00000030	[115] _MPIDI_CH3I_progress_completion_cond
0x10019D680	0x000000A0	[135] _sc_state_info
0x10019D720	0x00000400	[167] _readbuf.4096
0x10019DB20	0x00010800	[167] _PMIU_keyval_tab
0x1001AE320	0x00000100	[168] _singinit_kvsname
0x1001AE420	0x00000400	[168] _cached_singinit_key
0x1001AE820	0x00000400	[168] _cached_singinit_val
0x1001AEC20	0x00000300	[228] _fstack
0x1001AEF20	0x00000008	[ 11] _Crr
0x1001AEF30	0x00000014	[253] _mpifcmb1_
0x1001AEF50	0x00000014	[253] _mpifcmb2_
0x1001AEF70	0x00000004	[253] _mpifcmb3_
0x1001AEF80	0x00000004	[253] _mpifcmb4_
0x1001AEF90	0x00000004	[253] _mpifcmb5_
0x1001AEFA0	0x00000004	[253] _mpifcmb6_
0x1001AEFB0	0x00000004	[253] _mpifcmb7_
0x1001AEFC0	0x00000004	[253] _mpifcmb8_
0x1001AEFC4	0x00000004	[ 57] _MPIU_DBG_ActiveClasses
0x1001AEFC8	0x00000008	[ 68] _MPIR_PARAM_PORT_RANGE
0x1001AEFD0	0x00000004	[ 68] _MPIR_PARAM_ABORT_ON_LEAKED_HANDLES
0x1001AEFD4	0x00000004	[ 68] _MPIR_PARAM_ENABLE_COLL_FT_RET
0x1001AEFD8	0x00000004	[ 68] _MPIR_PARAM_ENABLE_CKPOINT
0x1001AEFDC	0x00000004	[ 68] _MPIR_PARAM_DEBUG_HOLD
0x1001AEFE0	0x00000004	[ 68] _MPIR_PARAM_CHOP_ERROR_STACK
0x1001AEFE4	0x00000004	[ 68] _MPIR_PARAM_ODD_EVEN_CLIQUES
0x1001AEFE8	0x00000004	[ 68] _MPIR_PARAM_NOLOCAL
0x1001AEFEC	0x00000004	[ 75] _MPIDI_Failed_vc_count
0x1001AEFF0	0x00000004	[ 95] _MPIDI_Use_pmi2_api
0x1001AEFF4	0x00000004	[115] _MPID_nem_local_lmt_pending
0x1001AEFF8	0x00000004	[115] _MPIDI_CH3I_progress_wakeup_signalled
0x1001AEFFC	0x00000004	[115] _MPIDI_CH3I_progress_blocked
0x1001AF000	0x00000004	[115] _MPIDI_CH3I_progress_completion_count
0x1001AF004	0x00000008	[135] _MPID_nem_tcp_g_lstn_plfd
0x1001AF00C	0x00000004	[226] _MPIR_async_thread_initialized
0x1001AF010	0x00000004	[251] _MPIR_T_init_balance
0x1001AF020	0x00000010	[  2] _f_run_mode
0x1001AF030	0x00000010	[  2] _numprocs
0x1001AF040	0x00000010	[  2] _myrank
0x1001AF050	0x00000008	[  2] _f_pRunningSuite
0x1001AF060	0x00000010	[  4] _numprocs
0x1001AF070	0x00000004	[  4] _myrank
0x1001AF080	0x00000010	[115] _vc_term_queue
0x1001AF090	0x00000010	[120] _allocq
0x1001AF0A0	0x00000010	[135] _freeq
0x1001AF0B0	0x0000001C	[171] _attr_copy.16410
0x1001AF0D0	0x00000008	[ 47] _MPID_Comm_fns
0x1001AF0D8	0x00000008	[ 57] _MPIU_dbg_fp
0x1001AF0E0	0x00000008	[ 68] _MPIR_PARAM_NETWORK_IFACE
0x1001AF0E8	0x00000008	[ 68] _MPIR_PARAM_INTERFACE_HOSTNAME
0x1001AF0F0	0x00000008	[ 68] _MPIR_PARAM_NEMESIS_NETMOD
0x1001AF0F8	0x00000008	[ 75] _MPIDI_Failed_procs_group
0x1001AF100	0x00000008	[ 95] _MPIDI_CH3U_SRBuf_pool
0x1001AF108	0x00000008	[110] _MPIDI_CH3I_my_pg
0x1001AF110	0x00000008	[110] _MPIDI_CH3_packet_buffer
0x1001AF118	0x00000008	[115] _MPID_nem_local_lmt_progress
0x1001AF120	0x00000008	[115] _MPIDI_CH3I_shm_active_send
0x1001AF128	0x00000008	[118] _coll_fns_array
0x1001AF130	0x00000008	[121] _MPID_nem_asymm_base_addr
0x1001AF138	0x00000008	[123] _MPID_nem_recv_seqno
0x1001AF140	0x00000008	[123] _MPID_nem_prefetched_cell
0x1001AF148	0x00000008	[123] _MPID_nem_curr_fbox_all_poll
0x1001AF150	0x00000008	[123] _MPID_nem_curr_fboxq_elem
0x1001AF158	0x00000008	[123] _MPID_nem_fboxq_elem_list_last
0x1001AF160	0x00000008	[123] _MPID_nem_fboxq_elem_list
0x1001AF168	0x00000008	[123] _MPID_nem_fboxq_tail
0x1001AF170	0x00000008	[123] _MPID_nem_fboxq_head
0x1001AF178	0x00000008	[126] _MPID_nem_net_module_vc_dbg_print_sendq
0x1001AF180	0x00000008	[126] _MPID_nem_netmod_func
0x1001AF188	0x00000008	[135] _MPID_nem_tcp_plfd_tbl
0x1001AF190	0x00000008	[165] _all_schedules
0x1001AF198	0x00000008	[227] _MPI_F_STATUSES_IGNORE
0x1001AF1A0	0x00000008	[227] _MPI_F_STATUS_IGNORE
0x1001AF1A8	0x00000008	[252] _MPI_F_ARGVS_NULL
0x1001AF1B0	0x00000008	[252] _MPI_F_ERRCODES_IGNORE
0x1001AF1B8	0x00000008	[252] _MPIR_F_MPI_UNWEIGHTED
0x1001AF1C0	0x00000008	[252] _MPIR_F_MPI_IN_PLACE
0x1001AF1C8	0x00000008	[252] _MPIR_F_MPI_BOTTOM
0x1001AF1D0	0x00000010	[ 95] _MPIDI_Process
0x1001AF1E0	0x00000010	[115] _MPIDI_CH3I_shm_sendq
0x1001AF1F0	0x00000004	[ 47] _mask_in_use
0x1001AF1F4	0x00000004	[ 47] _eager_in_use
0x1001AF1F8	0x00000004	[ 47] _initialized.16475
0x1001AF1FC	0x00000004	[ 48] _is_init.16453
0x1001AF200	0x00000004	[ 48] _called.16496
0x1001AF204	0x00000004	[ 49] _max_error_ring_loc
0x1001AF208	0x00000004	[ 49] _error_ring_loc
0x1001AF20C	0x00000004	[ 49] _did_err_init
0x1001AF210	0x00000004	[ 51] _progress_thread_done
0x1001AF214	0x00000004	[ 57] _dbg_memlog_next
0x1001AF218	0x00000004	[ 57] _dbg_memlog_count
0x1001AF21C	0x00000004	[ 57] _mpiu_dbg_initialized
0x1001AF220	0x00000004	[ 60] _dummy_unique_L9
0x1001AF224	0x00000004	[ 68] _initialized.16451
0x1001AF228	0x00000004	[ 70] _dummy_unique_L14
0x1001AF22C	0x00000004	[ 75] _MPIDI_Outstanding_close_ops
0x1001AF230	0x00000004	[ 77] _in_routine.17565
0x1001AF234	0x00000004	[ 77] _entered_flag
0x1001AF238	0x00000004	[ 77] _entered_count
0x1001AF23C	0x00000004	[ 79] _AcceptQueueSize
0x1001AF240	0x00000004	[ 79] _maxAcceptQueueSize
0x1001AF244	0x00000004	[ 80] _posted_qlen
0x1001AF248	0x00000004	[ 80] _unexpected_qlen
0x1001AF24C	0x00000004	[ 94] _setProcessorName
0x1001AF250	0x00000004	[104] _lpid_counter
0x1001AF254	0x00000004	[107] _verbose
0x1001AF258	0x00000004	[110] _nemesis_initialized
0x1001AF25C	0x00000004	[115] _sigusr1_count
0x1001AF260	0x00000004	[115] _my_sigusr1_count
0x1001AF264	0x00000004	[115] _poll_count_.18229
0x1001AF268	0x00000004	[122] _sense
0x1001AF26C	0x00000004	[122] _barrier_init
0x1001AF270	0x00000004	[129] _poll_count_.18250
0x1001AF274	0x00000004	[129] _poll_count_.18194
0x1001AF278	0x00000004	[129] _poll_count_.18219
0x1001AF27C	0x00000004	[135] _g_tbl_size
0x1001AF280	0x00000004	[135] _num_skipped_polls.19034
0x1001AF284	0x00000004	[167] _PMIU_keyval_tab_idx
0x1001AF288	0x00000004	[168] _PMI_initialized
0x1001AF28C	0x00000004	[168] _PMI_debug
0x1001AF290	0x00000004	[168] _PMI_rank
0x1001AF294	0x00000004	[168] _PMI_kvsname_max
0x1001AF298	0x00000004	[168] _PMI_keylen_max
0x1001AF29C	0x00000004	[168] _PMI_vallen_max
0x1001AF2A0	0x00000004	[168] _PMI_totalview
0x1001AF2A4	0x00000004	[168] _PMI_spawned
0x1001AF2A8	0x00000004	[228] _fstack_sp
0x1001AF2AC	0x00000004	[228] _fstack_max_priority
0x1001AF2B0	0x00000004	[255] _TRid
0x1001AF2B4	0x00000004	[255] _TRidSet
0x1001AF2B8	0x00000004	[255] _TRlevel
0x1001AF2BC	0x00000004	[255] _TRdebugLevel
